{
  "ticker": "0215",
  "date": "2026-10-07",
  "data_as_of": "2026-10-06",
  "overall_signal": "neutral",
  "conviction": {
    "score": 0.0,
    "signal_convergence": 0.1818,
    "explanation": "Medium evidence confidence. The bear carries the immediate-purchase burden because dominant EPCC exposure and unknown project funding persist despite profitable quarterly execution. Neutral preserves the verified growth and backlog opportunity without paying for an assumed conversion outcome. Conviction describes the current evidence, not a calibrated win rate; outcome memory has no observations."
  },
  "executive_summary": "Solarvest delivered profitable year-on-year execution, with revenue up 13.2%, profit up 19.8% and net margin improving to 12.2%. Its RM2.371bn order book retains upside, but 89.1% EPCC exposure and sequential revenue variability make financed cash conversion the central test. Maintain observation; the evidence does not yet establish a directional new-position advantage.\n\nThe medium- and long-term uptrend remains intact, but RSI above 82, a five-bar pullback and below-average volume weaken the case for chasing the recent advance. The wide band and elevated ATR describe volatility rather than guaranteed continuation. Stable Malaysian policy and investment activity provide support for Solarvest, while project costs and funding sensitivity remain relevant. Without verified solar-specific policy or project demand, macro evidence is balanced. The bear carries the immediate-purchase burden because dominant EPCC exposure and unknown project funding persist despite profitable quarterly execution. Neutral preserves the verified growth and backlog opportunity without paying for an assumed conversion outcome.",
  "bull_case": "Solarvest delivered year-on-year revenue and profit growth with higher net margin, alongside a substantial backlog and growing electricity sales. Round two emphasises actual profitable execution rather than backlog alone, while keeping purchase conviction conditional on funded conversion. Strongest disconfirming evidence to caution: Reported year-on-year revenue grew 13.2%, profit 19.8%, and net margin improved to 12.2%; the latest quarter already demonstrates profitable execution rather than only undelivered orders.",
  "bear_case": "Dominant EPCC exposure and the large sequential revenue decline show delivery timing sensitivity. Round two accepts quarterly profitability but notes that unknown debt and FCF leave backlog cash conversion unverified, with a premium snapshot multiple and extended chart.",
  "key_uncertainties": [
    "Debt, FCF and matched funding for EPCC delivery.",
    "Sustainable project margins and cash timing.",
    "Matched valuation; no externally verified solar-specific policy catalyst.",
    "Debt and FCF adequacy for backlog delivery.",
    "Repeatability of margins through variable project timing.",
    "Matched valuation and sustainable entry conditions; no new delay or cost overrun is established.",
    "Vendor financial statements lack verified fiscal/availability timing; vendor forward P/E is an estimate, and a matched normalised fair-value model is unavailable."
  ],
  "catalysts_upcoming": [
    "Next comparable issuer disclosure, date unavailable here: A subsequent comparable disclosure reports positive CFO less project/capital investment and year-on-year profit growth above zero while documenting funding for backlog delivery, removing the principal conversion objection.",
    "Reassessment trigger rather than a forecast: A disclosed net margin below the observed prior-year 11.5% alongside project cash outflow would invalidate the preserved improved-conversion scenario."
  ],
  "risk_assessment": {
    "correlation_notes": [
      "Low beta (0.55) \u2014 historically less sensitive to broad-market moves.",
      "Sector: Technology \u2014 use sector-specific catalysts and risks in the thesis."
    ],
    "max_drawdown_scenario": "Historical max drawdown: 71.1% over available price history. Projected worst case (2-sigma): ~89.7% from current $4.37.",
    "risk_reward_ratio": null
  },
  "action_plan": {
    "entry_limit": null,
    "entry_rationale": null,
    "stop_loss": null,
    "stop_rationale": null,
    "take_profit_1": null,
    "take_profit_2": null,
    "target_rationale": null,
    "horizon": "swing (2-8 weeks)",
    "note": "Signal too mixed for precise levels (conviction +0.00, convergence 0.18). Wait for a clearer setup."
  },
  "research_verdict": {
    "ticker": "0215",
    "judged_view": "neutral",
    "confidence": "medium",
    "thesis": "The bear carries the immediate-purchase burden because dominant EPCC exposure and unknown project funding persist despite profitable quarterly execution. Neutral preserves the verified growth and backlog opportunity without paying for an assumed conversion outcome.",
    "winning_side": "bear",
    "strongest_counterexample": "Reported year-on-year revenue grew 13.2%, profit 19.8%, and net margin improved to 12.2%; the latest quarter already demonstrates profitable execution rather than only undelivered orders.",
    "invalidation_conditions": [
      "A subsequent comparable disclosure reports positive CFO less project/capital investment and year-on-year profit growth above zero while documenting funding for backlog delivery, removing the principal conversion objection.",
      "A disclosed net margin below the observed prior-year 11.5% alongside project cash outflow would invalidate the preserved improved-conversion scenario."
    ],
    "evidence_gaps": [
      "Debt, FCF and matched funding for EPCC delivery.",
      "Sustainable project margins and cash timing.",
      "Matched valuation; no externally verified solar-specific policy catalyst."
    ],
    "decisive_factors": [
      "89.1% EPCC exposure.",
      "Sequential revenue RM270.5m to RM155.9m demonstrates variability, not a verified delay.",
      "RSI 82.0225 and 48.00x vendor reference do not validate immediate entry."
    ]
  },
  "agent_signal_breakdown": {
    "fundamentals": "neutral",
    "sentiment": "buy",
    "technical": "neutral",
    "macro": "neutral"
  },
  "synthesized_signal": "neutral",
  "signal_gate_reasons": [],
  "pipeline_mode": "in-session"
}

synced to Supabase: analysis_runs/ea95fae4-a811-4b0f-b37d-f69ca11e0b18
