{
  "ticker": "VT",
  "date": "2026-10-07",
  "data_as_of": "2026-10-06",
  "overall_signal": "neutral",
  "conviction": {
    "score": 0.0,
    "signal_convergence": 0.0,
    "explanation": "Medium evidence confidence. The bull carries the structural allocation argument and the bear explicitly concedes that missing breakout evidence does not defeat it. Neutral is the fund-wide directional ruling because this envelope supplies no personal allocation gap or near-term expected-return advantage. Efficient diversified exposure is established; cheapness and suitability of increasing exposure are not. Conviction describes the current evidence, not a calibrated win rate; outcome memory has no observations. A neutral tactical view does not invalidate the diversified long-horizon index allocation."
  },
  "executive_summary": "VT offers low-cost global equity participation through 10,068 holdings and a 0.06% expense ratio. Diversification supports a long-horizon allocation case while market-cap weighting retains concentration and drawdown risk. Portfolio P/E of 20.8x is a holdings aggregate, and corporate margins, debt and FCF are inapplicable fund-level tests. Maintain observation; the evidence does not yet establish a directional new-position advantage.\n\nThe ETF remains above both major averages with a small positive MACD histogram and constructive RSI. Almost-flat 20-bar returns, proximity to the 52-week high and volume at only 0.55 times average leave a fresh momentum breakout unconfirmed. VT spans multiple countries and sectors, so two central-bank releases cannot establish a fund-wide directional advantage. The macro signal is neutral, with USD/MYR treated only as investor translation exposure rather than its full underlying currency exposure. The bull carries the structural allocation argument and the bear explicitly concedes that missing breakout evidence does not defeat it. Neutral is the fund-wide directional ruling because this envelope supplies no personal allocation gap or near-term expected-return advantage. Efficient diversified exposure is established; cheapness and suitability of increasing exposure are not. Strongest counterweight considered: Market-cap weighting retains technology concentration and systematic global-equity drawdowns, while aggregate portfolio P/E20.8x does not establish a bargain or the investor's capacity to tolerate losses.",
  "bull_case": "The bull defends low-cost participation in global equity growth through 10,068 holdings and a 0.06% fee. Round two distinguishes long-horizon allocation utility from a tactical breakout and acknowledges systematic drawdown and suitability requirements.",
  "bear_case": "The bear initially questions tactical entry near the high without flow or breakout evidence. Round two accepts that these conditions do not defeat disciplined long-horizon allocation, retaining only unresolved personal fit and broad valuation rather than an issuer-financial objection.",
  "key_uncertainties": [
    "Personal allocation fit and drawdown capacity absent from this research envelope.",
    "Broad holdings valuation and expected-return comparison.",
    "Dated fund flows unavailable; no tactical edge established.",
    "Personal allocation fit and capacity to withstand equity drawdowns.",
    "Broad portfolio valuation and expected returns, with 20.8x an aggregate holdings metric.",
    "No dated flow evidence; USD trading currency does not represent all underlying economic currency exposure."
  ],
  "catalysts_upcoming": [
    "Next dated fund/portfolio or allocation review, no date established here: A primary product change raises expense ratio above the documented0.06% or ceases FTSE Global All Cap tracking, invalidating the exact low-fee/global-index premise and requiring reassessment.",
    "Reassessment trigger rather than a forecast: Verified investor constraints incompatible with global-equity drawdown exposure would invalidate applying the structural case to an allocation increase, without implying a fund defect."
  ],
  "risk_assessment": {
    "correlation_notes": [
      "No significant market-context flags."
    ],
    "max_drawdown_scenario": "Historical max drawdown: 34.2% over available price history. Projected worst case (2-sigma): ~23.1% from current $160.70.",
    "risk_reward_ratio": null
  },
  "action_plan": {
    "entry_limit": null,
    "entry_rationale": null,
    "stop_loss": null,
    "stop_rationale": null,
    "take_profit_1": null,
    "take_profit_2": null,
    "target_rationale": null,
    "horizon": "swing (2-8 weeks)",
    "note": "Signal too mixed for precise levels (conviction +0.00, convergence 0.00). Wait for a clearer setup."
  },
  "research_verdict": {
    "ticker": "VT",
    "judged_view": "neutral",
    "confidence": "medium",
    "thesis": "The bull carries the structural allocation argument and the bear explicitly concedes that missing breakout evidence does not defeat it. Neutral is the fund-wide directional ruling because this envelope supplies no personal allocation gap or near-term expected-return advantage. Efficient diversified exposure is established; cheapness and suitability of increasing exposure are not.",
    "winning_side": "bull",
    "strongest_counterexample": "Market-cap weighting retains technology concentration and systematic global-equity drawdowns, while aggregate portfolio P/E20.8x does not establish a bargain or the investor's capacity to tolerate losses.",
    "invalidation_conditions": [
      "A primary product change raises expense ratio above the documented0.06% or ceases FTSE Global All Cap tracking, invalidating the exact low-fee/global-index premise and requiring reassessment.",
      "Verified investor constraints incompatible with global-equity drawdown exposure would invalidate applying the structural case to an allocation increase, without implying a fund defect."
    ],
    "evidence_gaps": [
      "Personal allocation fit and drawdown capacity absent from this research envelope.",
      "Broad holdings valuation and expected-return comparison.",
      "Dated fund flows unavailable; no tactical edge established."
    ],
    "decisive_factors": [
      "10,068 holdings and0.06% fee demonstrate structural utility.",
      "ETF-level corporate FCF, debt and margins are inapplicable.",
      "USD trading currency is distinct from worldwide underlying exposure; tactical evidence does not decide long-horizon utility."
    ]
  },
  "agent_signal_breakdown": {
    "fundamentals": "neutral",
    "sentiment": "neutral",
    "technical": "neutral",
    "macro": "neutral"
  },
  "synthesized_signal": "neutral",
  "signal_gate_reasons": [],
  "pipeline_mode": "in-session"
}

synced to Supabase: analysis_runs/bca3b070-67e9-4947-8f99-9b161944fb61
