{
  "ticker": "V",
  "date": "2026-10-07",
  "data_as_of": "2026-10-06",
  "overall_signal": "neutral",
  "conviction": {
    "score": 0.0,
    "signal_convergence": 0.5,
    "explanation": "Medium evidence confidence. Both sides establish continued monetisation and slower shareholder conversion, but neither prices recurring incentives, legal costs and owner cash. Neutral preserves broad payment growth while declining a premium-value conclusion. Visa's investment thesis concerns network economics rather than bank spreads. Conviction describes the current evidence, not a calibrated win rate; outcome memory has no observations."
  },
  "executive_summary": "Visa's 14% revenue growth, 10% payment-volume growth and cross-border expansion support broad transaction economics. Client incentives grew 18% and GAAP profit only 7%, with litigation and severance costs qualifying incremental returns; net leverage and FCF remain unreconciled. Maintain observation; the evidence does not yet establish a directional new-position advantage.\n\nThe longer-term trend is positive above SMA-200, but price is only modestly above SMA-50 with an almost-flat negative MACD histogram. Neutral RSI and low volume offer little confirmation of a new directional move within the observed range. Visa has supportive broad spending evidence, balanced by inflation and discount-rate pressure. The observed Fed hike is not a direct net-interest-margin catalyst for this payment network. Both sides establish continued monetisation and slower shareholder conversion, but neither prices recurring incentives, legal costs and owner cash. Neutral preserves broad payment growth while declining a premium-value conclusion. Visa's investment thesis concerns network economics rather than bank spreads. Strongest counterweight considered: Net revenue grew14% despite incentive offsets, GAAP profit still grew7%, payment volumes10% and cross-border excluding Europe12%, proving continued real monetisation.",
  "bull_case": "Visa has broad transaction and cross-border growth. Round two uses net revenue growth despite higher incentives and positive, slower GAAP earnings as evidence of continued monetisation, while accepting conversion pressure and cash/legal gaps.",
  "bear_case": "The bear accepts monetisation but retains incentive growth exceeding revenue and GAAP profit growth lagging revenue. FCF, net debt and recurring litigation treatment remain unresolved at the snapshot premium, with little timing confirmation.",
  "key_uncertainties": [
    "Recurring incentives, litigation and severance treatment.",
    "FCF, net debt and owner-cash valuation.",
    "Price compensation for conversion pressure.",
    "Recurring net economics after incentives, litigation and severance.",
    "Valuation compensation for the gap between revenue and GAAP profit growth.",
    "Vendor financial statements lack verified fiscal/availability timing; vendor forward P/E is an estimate, and a matched normalised fair-value model is unavailable."
  ],
  "catalysts_upcoming": [
    "Next comparable issuer disclosure, date unavailable here: A subsequent comparable quarter reports GAAP net-income growth at least equal to net-revenue growth with positive reconciled owner cash after recurring legal/incentive costs, resolving the conversion gap.",
    "Reassessment trigger rather than a forecast: Comparable net-revenue or GAAP earnings growth at or below zero would invalidate the retained positive-monetisation counterweight."
  ],
  "risk_assessment": {
    "correlation_notes": [
      "Sector: Financial Services \u2014 use sector-specific catalysts and risks in the thesis."
    ],
    "max_drawdown_scenario": "Historical max drawdown: 36.4% over available price history. Projected worst case (2-sigma): ~36.9% from current $370.64.",
    "risk_reward_ratio": null
  },
  "action_plan": {
    "entry_limit": null,
    "entry_rationale": null,
    "stop_loss": null,
    "stop_rationale": null,
    "take_profit_1": null,
    "take_profit_2": null,
    "target_rationale": null,
    "horizon": "swing (2-8 weeks)",
    "note": "Signal too mixed for precise levels (conviction +0.00, convergence 0.50). Wait for a clearer setup."
  },
  "research_verdict": {
    "ticker": "V",
    "judged_view": "neutral",
    "confidence": "medium",
    "thesis": "Both sides establish continued monetisation and slower shareholder conversion, but neither prices recurring incentives, legal costs and owner cash. Neutral preserves broad payment growth while declining a premium-value conclusion. Visa's investment thesis concerns network economics rather than bank spreads.",
    "winning_side": "neither",
    "strongest_counterexample": "Net revenue grew14% despite incentive offsets, GAAP profit still grew7%, payment volumes10% and cross-border excluding Europe12%, proving continued real monetisation.",
    "invalidation_conditions": [
      "A subsequent comparable quarter reports GAAP net-income growth at least equal to net-revenue growth with positive reconciled owner cash after recurring legal/incentive costs, resolving the conversion gap.",
      "Comparable net-revenue or GAAP earnings growth at or below zero would invalidate the retained positive-monetisation counterweight."
    ],
    "evidence_gaps": [
      "Recurring incentives, litigation and severance treatment.",
      "FCF, net debt and owner-cash valuation.",
      "Price compensation for conversion pressure."
    ],
    "decisive_factors": [
      "Client incentives +18% exceed revenue +14%.",
      "GAAP profit +7% trails activity/revenue.",
      "31.46x vendor reference lacks matched value; muted MACD and weak volume."
    ]
  },
  "agent_signal_breakdown": {
    "fundamentals": "buy",
    "sentiment": "buy",
    "technical": "neutral",
    "macro": "neutral"
  },
  "synthesized_signal": "neutral",
  "signal_gate_reasons": [],
  "pipeline_mode": "in-session"
}

synced to Supabase: analysis_runs/2a6b71ac-222b-409e-aa9d-a6bfbbb5b579
