{
  "ticker": "0128",
  "date": "2026-10-07",
  "data_as_of": "2026-10-06",
  "overall_signal": "neutral",
  "conviction": {
    "score": 0.0,
    "signal_convergence": 0.75,
    "explanation": "Service demand and rising CFO support genuine growth, but 47.18x trailing earnings, receivable absorption, other-income support and warrant dilution materially offset per-share returns. Strong liquidity and a volume-backed rebound preserve upside without proving value."
  },
  "executive_summary": "Frontken has real service growth: H1 revenue rose 30%, profit 40% and CFO increased to RM62.623m, leaving RM35.491m FCF after capex. No bank borrowings and substantial liquid assets support capacity expansion; the rebound has above-average-volume participation.\n\nRM636.783m warrant proceeds helped build that liquidity, while receivables absorbed RM80.148m and other income helped profits. At 47.18x trailing and 38.23x estimated forward earnings, capacity utilization must become stronger per-share cash. Neutral balances profitable expansion against premium valuation and dilution.",
  "bull_case": "Growing service utilization and improved collections could enlarge per-share cash with little bank-financing dependence.",
  "bear_case": "Collection delays, noncore profit support and dilution could prevent group growth from earning the premium for shareholders.",
  "key_uncertainties": [
    "Per-share cash conversion and receivable collection.",
    "Core operating earnings excluding investment/FX support.",
    "Exact report publication date unavailable; fiscal comparatives were verified."
  ],
  "catalysts_upcoming": [
    "Comparable H1 FCF growth with lower receivable absorption and no further equity financing would strengthen owner economics.",
    "Disclosed utilization of the RM118m Taiwan capacity program alongside core earnings growth would validate expansion."
  ],
  "risk_assessment": {
    "correlation_notes": [
      "Low beta (0.59) \u2014 historically less sensitive to broad-market moves.",
      "Sector: Industrials \u2014 use sector-specific catalysts and risks in the thesis."
    ],
    "max_drawdown_scenario": "Historical max drawdown: 57.3% over available price history. Projected worst case (2-sigma): ~55.6% from current $5.20.",
    "risk_reward_ratio": null
  },
  "action_plan": {
    "entry_limit": null,
    "entry_rationale": null,
    "stop_loss": null,
    "stop_rationale": null,
    "take_profit_1": null,
    "take_profit_2": null,
    "target_rationale": null,
    "horizon": "swing (2-8 weeks)",
    "note": "Signal too mixed for precise levels (conviction +0.00, convergence 0.75). Wait for a clearer setup."
  },
  "research_verdict": {
    "ticker": "0128",
    "judged_view": "neutral",
    "confidence": "medium",
    "thesis": "Frontken has genuine service growth, positive cash and a bank-debt-free funding position, but the bear carries the premium per-share-return objection. At 47.18x trailing earnings, RM80.148m receivable absorption and warrant-funded liquidity weaken the headline growth/value inference. Positive CFO growth and the constructive chart preserve an upside case, making neutral more proportionate than a funding-fragility sell.",
    "winning_side": "bear",
    "strongest_counterexample": "H1 CFO increased to RM62.623m despite receivable absorption, leaving RM35.491m FCF, and substantial liquidity supports the RM118m Taiwan program without bank borrowing.",
    "invalidation_conditions": [
      "Comparable H1 FCF above RM35.491m with receivable cash absorption below RM80.148m and no new warrant/equity proceeds would weaken the cash-quality/dilution objection.",
      "Comparable H1 FCF at or below zero would invalidate the positive operating-funding counterweight."
    ],
    "evidence_gaps": [
      "Exact quarterly-report publication date was not retrieved; fiscal periods and comparative statements are verified."
    ],
    "decisive_factors": [
      "Liquidity is partly financed by RM636.783m warrant proceeds, not wholly earned operating cash.",
      "Revenue growth and positive FCF are real, but the premium requires improved per-share cash delivery."
    ]
  },
  "agent_signal_breakdown": {
    "fundamentals": "neutral",
    "sentiment": "buy",
    "technical": "buy",
    "macro": "buy"
  },
  "synthesized_signal": "neutral",
  "signal_gate_reasons": [],
  "pipeline_mode": "in-session"
}

synced to Supabase: analysis_runs/56522155-3166-4926-b9a1-ccbb37c99801
