{
  "ticker": "JPM",
  "date": "2026-10-07",
  "data_as_of": "2026-10-06",
  "overall_signal": "neutral",
  "conviction": {
    "score": 0.0,
    "signal_convergence": 0.0,
    "explanation": "Low evidence confidence. The cleaner earnings anchor preserves profitability, but bank-specific risk context is missing for both advocates. Neither loan/deposit growth nor the $2.5bn credit-cost level establishes risk-adjusted value without capital, liquidity and asset-quality detail. Neutral avoids interpreting unextracted ratios as deterioration. Conviction describes the current evidence, not a calibrated win rate; outcome memory has no observations."
  },
  "executive_summary": "JPMorgan generated $16.9bn net income excluding significant items, with average loans up 10% and deposits 7%. The larger headline profit includes substantial gains, while $2.5bn credit costs require bank-specific asset-quality and capital context before activity growth becomes an adequately validated return thesis. Maintain observation; the evidence does not yet establish a directional new-position advantage.\n\nThe shorter-term correction has negative MACD, oversold RSI and price below SMA-50, but the longer trend remains above SMA-200. Below-average volume and no confirmed momentum turn leave the balance between correction and recovery unresolved. JPMorgan has competing asset-yield and funding-cost effects from the verified Fed hike. Resilient activity helps the credit backdrop, but margin and default outcomes remain ambiguous, supporting neutral. The cleaner earnings anchor preserves profitability, but bank-specific risk context is missing for both advocates. Neither loan/deposit growth nor the $2.5bn credit-cost level establishes risk-adjusted value without capital, liquidity and asset-quality detail. Neutral avoids interpreting unextracted ratios as deterioration. Strongest counterweight considered: Net income excluding significant items was $16.9bn, with average loans up10% and deposits7%, giving a substantial active banking franchise independent of the $21.2bn headline.",
  "bull_case": "JPMorgan has a substantial $16.9bn earnings base excluding significant items and active loan/deposit growth. Round two avoids claiming adjusted earnings growth without a matched comparison and conditions the thesis on bank-specific verification.",
  "bear_case": "The bear accepts the cleaner profit anchor but retains unknown capital, liquidity, funding and credit context. Loan growth does not prove risk-adjusted returns, and neither oversold conditions nor the vendor P/E establishes value.",
  "key_uncertainties": [
    "Matched prior-year ex-significant-item earnings.",
    "CET1, liquidity, funding spreads, detailed losses and risk-adjusted loan returns.",
    "Recurring bank valuation; detailed supplement not fully parsed.",
    "Matched prior-year earnings excluding significant items.",
    "CET1, liquidity, funding, credit losses and risk-adjusted loan returns.",
    "Recurring bank valuation and recovery confirmation; detailed supplement not fully parsed.",
    "Vendor financial statements lack verified fiscal/availability timing; vendor forward P/E is an estimate, and a matched normalised fair-value model is unavailable."
  ],
  "catalysts_upcoming": [
    "Next comparable issuer disclosure, date unavailable here: A complete comparable bank supplement documents positive ex-significant-item earnings growth, compliance with applicable capital/liquidity requirements and no worsening loan-quality metric, resolving the central bank-risk gates.",
    "Reassessment trigger rather than a forecast: A disclosed breach of applicable capital/liquidity requirements or ex-significant-item net income at or below zero would invalidate the retained resilient-franchise premise."
  ],
  "risk_assessment": {
    "correlation_notes": [
      "Sector: Financial Services \u2014 use sector-specific catalysts and risks in the thesis."
    ],
    "max_drawdown_scenario": "Historical max drawdown: 43.6% over available price history. Projected worst case (2-sigma): ~36.2% from current $331.28.",
    "risk_reward_ratio": null
  },
  "action_plan": {
    "entry_limit": null,
    "entry_rationale": null,
    "stop_loss": null,
    "stop_rationale": null,
    "take_profit_1": null,
    "take_profit_2": null,
    "target_rationale": null,
    "horizon": "swing (2-8 weeks)",
    "note": "Signal too mixed for precise levels (conviction +0.00, convergence 0.00). Wait for a clearer setup."
  },
  "research_verdict": {
    "ticker": "JPM",
    "judged_view": "neutral",
    "confidence": "low",
    "thesis": "The cleaner earnings anchor preserves profitability, but bank-specific risk context is missing for both advocates. Neither loan/deposit growth nor the $2.5bn credit-cost level establishes risk-adjusted value without capital, liquidity and asset-quality detail. Neutral avoids interpreting unextracted ratios as deterioration.",
    "winning_side": "neither",
    "strongest_counterexample": "Net income excluding significant items was $16.9bn, with average loans up10% and deposits7%, giving a substantial active banking franchise independent of the $21.2bn headline.",
    "invalidation_conditions": [
      "A complete comparable bank supplement documents positive ex-significant-item earnings growth, compliance with applicable capital/liquidity requirements and no worsening loan-quality metric, resolving the central bank-risk gates.",
      "A disclosed breach of applicable capital/liquidity requirements or ex-significant-item net income at or below zero would invalidate the retained resilient-franchise premise."
    ],
    "evidence_gaps": [
      "Matched prior-year ex-significant-item earnings.",
      "CET1, liquidity, funding spreads, detailed losses and risk-adjusted loan returns.",
      "Recurring bank valuation; detailed supplement not fully parsed."
    ],
    "decisive_factors": [
      "Headline earnings include Visa/equity gains.",
      "$2.5bn credit costs cannot be classified without asset-quality context.",
      "Below SMA-50 with negative MACD; oversold RSI is not entry proof."
    ]
  },
  "agent_signal_breakdown": {
    "fundamentals": "neutral",
    "sentiment": "neutral",
    "technical": "neutral",
    "macro": "neutral"
  },
  "synthesized_signal": "neutral",
  "signal_gate_reasons": [],
  "pipeline_mode": "in-session"
}

synced to Supabase: analysis_runs/0c27ca85-7e44-4eb7-a955-924cafbc2d11
