{
  "ticker": "6947",
  "date": "2026-10-07",
  "data_as_of": "2026-10-06",
  "overall_signal": "neutral",
  "conviction": {
    "score": 0.0,
    "signal_convergence": 0.25,
    "explanation": "Positive post-lease cash and realized efficiencies preserve repair upside, but statutory CFO declined, borrowings rose and RM445m cash fell short of RM821m dividends.19.31x earnings with modest normalized growth and weak price momentum leaves an unsupported income uplift."
  },
  "executive_summary": "CelcomDigi has a measurable integration resource: RM141m realized savings and positive RM445m statutory cash after capex and leases. Normalized Q2 PAT grew 0.9%, qualifying the reported decline without proving rapid growth.\n\nDividends were RM821m, statutory CFO fell to RM1.222bn and borrowings rose to RM14.461bn. The differently defined RM2.439bn presentation cash measure cannot replace statutory CFO. Neutral balances recovery potential with current payout and cash pressure at 19.31x trailing earnings; oversold conditions confirm no reversal and future integration targets are not achieved repair.",
  "bull_case": "Further efficiencies could improve conversion and retained cash, closing the payout gap from an already cash-positive network.",
  "bear_case": "Slow integration, financing costs and continued oversized payouts could weaken cash and increase borrowing despite modest revenue growth.",
  "key_uncertainties": [
    "Cash repair after capex and leases versus payout pace.",
    "Delivery of integration milestones and recurring savings without double-counting.",
    "Borrowings retain the issuer\u2019s classification rather than an invented exclusive-debt bridge."
  ],
  "catalysts_upcoming": [
    "Comparable post-capex/lease cash covering dividends with stable/lower borrowings would strengthen income quality.",
    "Observable progress against H2FY2027 IT consolidation with improved statutory conversion would support repair."
  ],
  "risk_assessment": {
    "correlation_notes": [
      "Low beta (0.24) \u2014 historically less sensitive to broad-market moves.",
      "Sector: Communication Services \u2014 use sector-specific catalysts and risks in the thesis."
    ],
    "max_drawdown_scenario": "Historical max drawdown: 37.0% over available price history. Projected worst case (2-sigma): ~44.5% from current $2.53.",
    "risk_reward_ratio": null
  },
  "action_plan": {
    "entry_limit": null,
    "entry_rationale": null,
    "stop_loss": null,
    "stop_rationale": null,
    "take_profit_1": null,
    "take_profit_2": null,
    "target_rationale": null,
    "horizon": "swing (2-8 weeks)",
    "note": "Signal too mixed for precise levels (conviction +0.00, convergence 0.25). Wait for a clearer setup."
  },
  "research_verdict": {
    "ticker": "6947",
    "judged_view": "neutral",
    "confidence": "medium",
    "thesis": "CelcomDigi retains a credible operating repair resource, but the bear carries the cash-distribution objection at 19.31x trailing earnings. Statutory cash after capex and leases was RM445m versus RM821m dividends, while CFO fell and borrowings rose. Realized savings and positive post-lease cash preserve recovery potential, making neutral appropriate without treating the reported 5.42% yield as fully covered.",
    "winning_side": "bear",
    "strongest_counterexample": "RM141m realized savings and RM445m positive post-lease cash show that the network contributes funds after investment; further integration could close the payout gap without a business turnaround from losses.",
    "invalidation_conditions": [
      "A subsequent comparable H1 with cash after capex/leases at least equal to dividends and borrowings no higher than RM14.461bn would defeat the current funding-restraint thesis.",
      "Comparable H1 statutory CFO below RM1.222bn and post-lease cash at or below zero would undermine the retained repair counterweight."
    ],
    "evidence_gaps": [],
    "decisive_factors": [
      "RM2.439bn presentation operating cash is a different definition and cannot replace RM1.222bn statutory CFO.",
      "Normalized Q2 PAT growth of only 0.9% does not yet demonstrate cash repair; savings are not added again to cash."
    ]
  },
  "agent_signal_breakdown": {
    "fundamentals": "neutral",
    "sentiment": "neutral",
    "technical": "sell",
    "macro": "neutral"
  },
  "synthesized_signal": "neutral",
  "signal_gate_reasons": [],
  "pipeline_mode": "in-session"
}

synced to Supabase: analysis_runs/4c10c61e-cdea-4ea7-9c77-648baeb88e44
