{
  "ticker": "META",
  "date": "2026-10-07",
  "data_as_of": "2026-10-06",
  "overall_signal": "neutral",
  "conviction": {
    "score": 0.0,
    "signal_convergence": 0.0,
    "explanation": "28% revenue growth and positive H1 FCF preserve recovery upside, but margin compression survives charge addbacks and H1 FCF fell 30.3%. Substantial future capex and lease demands make 21.17x forward earnings insufficient by itself to favor adding."
  },
  "executive_summary": "Meta\u2019s advertising franchise is growing: impressions rose 14%, ad pricing 12% and revenue 28%; H1 CFO was$64.088bn. H1 FCF remained positive at$13.170bn, supporting an internally generated recovery resource.\n\nQ2 FCF was only$0.784bn and H1 FCF declined 30.3%. Illustrative legal/severance addbacks still leave margin below the prior 43%, while$130\u2013145bn capex guidance raises the productivity hurdle. Neutral reflects measured conversion pressure and slowing momentum; legal costs are not assumed to vanish.",
  "bull_case": "Monetization growth and productive infrastructure could restore margins and cash available to owners at a more moderate forward multiple.",
  "bear_case": "Investment, leases and continuing legal costs could absorb advertising gains and depress owner cash despite strong sales.",
  "key_uncertainties": [
    "Incremental capex productivity and cash recovery.",
    "Recurring legal spending and comparable margins.",
    "Lease demands beyond the partial liquid-assets/debt comparison."
  ],
  "catalysts_upcoming": [
    "Next results: cash conversion recovering alongside impression/pricing growth would strengthen the recovery thesis.",
    "Capital-spending and expense disclosures showing costs stabilize relative to monetization would improve owner economics."
  ],
  "risk_assessment": {
    "correlation_notes": [
      "Sector: Communication Services \u2014 use sector-specific catalysts and risks in the thesis."
    ],
    "max_drawdown_scenario": "Historical max drawdown: 76.7% over available price history. Projected worst case (2-sigma): ~91.8% from current $738.88.",
    "risk_reward_ratio": null
  },
  "action_plan": {
    "entry_limit": null,
    "entry_rationale": null,
    "stop_loss": null,
    "stop_rationale": null,
    "take_profit_1": null,
    "take_profit_2": null,
    "target_rationale": null,
    "horizon": "swing (2-8 weeks)",
    "note": "Signal too mixed for precise levels (conviction +0.00, convergence 0.00). Wait for a clearer setup."
  },
  "research_verdict": {
    "ticker": "META",
    "judged_view": "neutral",
    "confidence": "medium",
    "thesis": "Meta has growing monetization but measured deterioration in post-investment cash and operating margins. The bear carries the return-conversion objection: H1 FCF fell 30.3%, Q2 FCF was only $0.784bn, and even illustrative charge-adjusted operating margin trails the prior 43%. Positive H1 cash and 28% revenue growth preserve a recovery possibility, so neutral reflects current offsets rather than a forecast of business failure.",
    "winning_side": "bear",
    "strongest_counterexample": "H1 CFO of $64.088bn and positive $13.170bn FCF demonstrate an internally cash-producing franchise; productive infrastructure could restore owner cash at the estimated 21.17x forward valuation.",
    "invalidation_conditions": [
      "A subsequent comparable H1 FCF at least the prior-year $18.883bn, with operating margin recovering to the prior 43% on a consistently disclosed basis, would defeat the current conversion-restraint ruling.",
      "Comparable H1 FCF at or below zero would invalidate the retained internally funded recovery counterweight."
    ],
    "evidence_gaps": [],
    "decisive_factors": [
      "Margin compression survives the illustrative legal/severance addback.",
      "Prospective $130-145bn capex and separately identified leases raise the cash-return hurdle; legal costs are not assumed to disappear."
    ]
  },
  "agent_signal_breakdown": {
    "fundamentals": "neutral",
    "sentiment": "neutral",
    "technical": "neutral",
    "macro": "neutral"
  },
  "synthesized_signal": "neutral",
  "signal_gate_reasons": [],
  "pipeline_mode": "in-session"
}

synced to Supabase: analysis_runs/e619dc5d-7d2b-4110-a937-65583cb64ba5
