{
  "ticker": "5225",
  "date": "2026-10-07",
  "data_as_of": "2026-10-06",
  "overall_signal": "neutral",
  "conviction": {
    "score": 0.0,
    "signal_convergence": 0.2727,
    "explanation": "Underlying hospital profit/EBITDA growth provides a substantive upside case, but 30.38x trailing earnings, material net debt and RM141m conservative cash against RM486m dividends leave owner-return compensation balanced. Growth has not yet delivered financial repair."
  },
  "executive_summary": "IHH has real underlying operating progress: excluding MFRS129, revenue grew 7% and EBITDA14%, while H1 ex-exceptional profit rose 22%. RM771m pre-financing FCF confirms investment is producing some cash beyond accounting growth.\n\nAfter specified finance and lease costs, H1 cash was only RM141m against RM486m owner dividends. Net debt of RM11.564bn excludes RM2.205bn leases, and 30.38x trailing earnings requires sustained delivery. Neutral balances growth with current conversion pressure and a weak trend; unresolved governance statements support no invented legal conclusion.",
  "bull_case": "Profitable hospital growth could improve cash conversion and reduce debt reliance if more cash is retained.",
  "bear_case": "Capital intensity, payouts and financing costs could prevent growth reaching shareholders; admissions weakness and governance uncertainty constrain extrapolation.",
  "key_uncertainties": [
    "Cash conversion after capital investment, finance costs and leases.",
    "Dividend restraint or retained-cash repair is prospective.",
    "Outcome of inaccessible legal/governance statements remains unknown."
  ],
  "catalysts_upcoming": [
    "Comparable cash after the same deductions covering owner dividends with stable/lower net debt would strengthen owner economics.",
    "Continued underlying EBITDA/profit growth alongside admissions recovery would support productive expansion."
  ],
  "risk_assessment": {
    "correlation_notes": [
      "Low beta (0.16) \u2014 historically less sensitive to broad-market moves.",
      "Sector: Healthcare \u2014 use sector-specific catalysts and risks in the thesis."
    ],
    "max_drawdown_scenario": "Historical max drawdown: 31.5% over available price history. Projected worst case (2-sigma): ~37.2% from current $7.91.",
    "risk_reward_ratio": null
  },
  "action_plan": {
    "entry_limit": null,
    "entry_rationale": null,
    "stop_loss": null,
    "stop_rationale": null,
    "take_profit_1": null,
    "take_profit_2": null,
    "target_rationale": null,
    "horizon": "swing (2-8 weeks)",
    "note": "Signal too mixed for precise levels (conviction +0.00, convergence 0.27). Wait for a clearer setup."
  },
  "research_verdict": {
    "ticker": "5225",
    "judged_view": "neutral",
    "confidence": "medium",
    "thesis": "IHH has real underlying hospital growth, but the bear carries the premium shareholder-conversion objection. RM141m cash after the specified financing and leases does not cover RM486m owner dividends, with RM11.564bn net debt before leases at 30.38x trailing earnings. Underlying EBITDA and profit growth preserve upside, but financial repair or payout discipline is still prospective, making neutral more defensible than treating expansion as already owner-funded.",
    "winning_side": "bear",
    "strongest_counterexample": "Underlying revenue and EBITDA grew 7% and 14%, H1 ex-exceptional profit rose 22%, and RM771m pre-financing FCF demonstrates genuine operating cash before the conservative financing deductions.",
    "invalidation_conditions": [
      "Comparable H1 cash after the same investment/finance/lease deductions at least equal to owner dividends, with net debt no higher than RM11.564bn, would defeat the current conversion-restraint thesis.",
      "Comparable H1 ex-exceptional profit below RM1.028bn would undermine the growth counterweight."
    ],
    "evidence_gaps": [],
    "decisive_factors": [
      "Observed dividend-cash shortfall and leases are material at the premium valuation.",
      "MFRS129-adjusted growth supports operating quality; unresolved governance statements do not justify invented legal outcomes."
    ]
  },
  "agent_signal_breakdown": {
    "fundamentals": "buy",
    "sentiment": "neutral",
    "technical": "neutral",
    "macro": "neutral"
  },
  "synthesized_signal": "neutral",
  "signal_gate_reasons": [],
  "pipeline_mode": "in-session"
}

synced to Supabase: analysis_runs/24a5541f-0280-41ee-b520-719be7fbe893
