{
  "ticker": "5258",
  "date": "2026-10-07",
  "data_as_of": "2026-10-06",
  "overall_signal": "neutral",
  "conviction": {
    "score": 0.0,
    "signal_convergence": 0.0,
    "explanation": "Low evidence confidence. Both arguments depend on missing bank-specific verification: stability is observed, but capital, funding and credit adequacy are not. Neither the 8.20x vendor multiple nor low-volume stabilisation establishes current value. Neutral preserves profitable recovery potential without treating missing metrics as deterioration. Conviction describes the current evidence, not a calibrated win rate; outcome memory has no observations."
  },
  "executive_summary": "Bank Islam's Q2 profit and NAV/share improved, while H1 profit grew only 0.5%. The low vendor multiple supports investigation rather than demonstrated intrinsic value; net financing margin, capital, liquidity and impaired-financing evidence remain unavailable from blocked detailed attachments. Missing metrics are not evidence of bank deterioration. Maintain observation; the evidence does not yet establish a directional new-position advantage.\n\nThe longer-term trend is weak below both major averages, but flat five-bar returns and a barely positive MACD histogram point to a pause rather than a fresh confirmed sell impulse. Exceptionally low volume leaves this range-bound setup without reliable directional confirmation. BIMB (Bank Islam) has a stable policy backdrop and supportive domestic demand. The macro assessment remains neutral because financing yields and funding-cost repricing, rather than unchanged OPR alone, determine margin direction; no bank-specific exposure is assumed. Both arguments depend on missing bank-specific verification: stability is observed, but capital, funding and credit adequacy are not. Neither the 8.20x vendor multiple nor low-volume stabilisation establishes current value. Neutral preserves profitable recovery potential without treating missing metrics as deterioration. Strongest counterweight considered: Q2 earnings rose to RM139.122m from RM126.685m, H1 profit remained slightly higher and NAV/share increased to RM3.59, supporting genuine stability and recovery potential.",
  "bull_case": "Bank Islam has higher Q2 profit, slightly higher H1 earnings and improved NAV per share. Round two rejects an acceleration claim and narrows the thesis to profitable stability plus recovery conditional on bank-supplement validation.",
  "bear_case": "The bear accepts stability but stresses missing net financing margin, CET1, liquidity and impaired-financing measures. A low vendor multiple, higher NAV and exceptionally low-volume chart do not replace these bank-specific purchase tests.",
  "key_uncertainties": [
    "Original primary attachments/supplement blocked; issuer-authored mirror identified.",
    "Net financing margin, CET1, liquidity and impaired-financing measures.",
    "Recurring bank-return valuation.",
    "Net financing margin, CET1, liquidity and impaired-financing ratios.",
    "Matched recurring bank returns and valuation.",
    "Original attachments and detailed supplement blocked; accessible issuer-authored summary is a third-party mirror.",
    "Recovery timing on exceptionally low turnover.",
    "Vendor financial statements lack verified fiscal/availability timing; vendor forward P/E is an estimate, and a matched normalised fair-value model is unavailable."
  ],
  "catalysts_upcoming": [
    "Next comparable issuer disclosure, date unavailable here: A subsequent comparable H1 reports profit growth above the observed 0.5% with verified compliance with applicable capital/liquidity requirements and no worsening impaired-financing measure, resolving the central recovery gates.",
    "Reassessment trigger rather than a forecast: A disclosed breach of applicable capital/liquidity requirements or comparable H1 earnings at or below zero would invalidate the retained stable-bank premise."
  ],
  "risk_assessment": {
    "correlation_notes": [
      "Low beta (0.19) \u2014 historically less sensitive to broad-market moves.",
      "Sector: Financial Services \u2014 use sector-specific catalysts and risks in the thesis."
    ],
    "max_drawdown_scenario": "Historical max drawdown: 44.8% over available price history. Projected worst case (2-sigma): ~26.7% from current $2.06.",
    "risk_reward_ratio": null
  },
  "action_plan": {
    "entry_limit": null,
    "entry_rationale": null,
    "stop_loss": null,
    "stop_rationale": null,
    "take_profit_1": null,
    "take_profit_2": null,
    "target_rationale": null,
    "horizon": "swing (2-8 weeks)",
    "note": "Signal too mixed for precise levels (conviction +0.00, convergence 0.00). Wait for a clearer setup."
  },
  "research_verdict": {
    "ticker": "5258",
    "judged_view": "neutral",
    "confidence": "low",
    "thesis": "Both arguments depend on missing bank-specific verification: stability is observed, but capital, funding and credit adequacy are not. Neither the 8.20x vendor multiple nor low-volume stabilisation establishes current value. Neutral preserves profitable recovery potential without treating missing metrics as deterioration.",
    "winning_side": "neither",
    "strongest_counterexample": "Q2 earnings rose to RM139.122m from RM126.685m, H1 profit remained slightly higher and NAV/share increased to RM3.59, supporting genuine stability and recovery potential.",
    "invalidation_conditions": [
      "A subsequent comparable H1 reports profit growth above the observed 0.5% with verified compliance with applicable capital/liquidity requirements and no worsening impaired-financing measure, resolving the central recovery gates.",
      "A disclosed breach of applicable capital/liquidity requirements or comparable H1 earnings at or below zero would invalidate the retained stable-bank premise."
    ],
    "evidence_gaps": [
      "Original primary attachments/supplement blocked; issuer-authored mirror identified.",
      "Net financing margin, CET1, liquidity and impaired-financing measures.",
      "Recurring bank-return valuation."
    ],
    "decisive_factors": [
      "H1 RM254.154m versus RM252.950m is stability rather than acceleration.",
      "Bank-specific metrics are appropriate; industrial FCF is inapplicable.",
      "0.2154 times average turnover gives weak directional evidence."
    ]
  },
  "agent_signal_breakdown": {
    "fundamentals": "neutral",
    "sentiment": "neutral",
    "technical": "neutral",
    "macro": "neutral"
  },
  "synthesized_signal": "neutral",
  "signal_gate_reasons": [],
  "pipeline_mode": "in-session"
}

synced to Supabase: analysis_runs/6f9414e9-c705-48c3-9e6e-ffc5417e6563
