{
  "ticker": "5398",
  "date": "2026-10-07",
  "data_as_of": "2026-10-06",
  "overall_signal": "neutral",
  "conviction": {
    "score": 0.0,
    "signal_convergence": 0.5455,
    "explanation": "Medium evidence confidence. The bear carries the financing objection: 72% net gearing exceeds the issuer's 70% internal limit and no cash bridge establishes repair. Positive profit and backlog preserve execution upside, so this does not imply delivery is impossible. Present entry depends on observed funded conversion rather than contract scale. Conviction describes the current evidence, not a calibrated win rate; outcome memory has no observations."
  },
  "executive_summary": "Gamuda has a RM61bn construction opportunity and positive annual profit growth, but earnings lagged revenue, property profit weakened and 72% net gearing exceeds its 70% internal limit. Profitable backlog conversion is a potential route to repair, not evidence that funding repair has occurred. Maintain observation; the evidence does not yet establish a directional new-position advantage.\n\nPrice is above both major averages and 20- and 60-bar returns support an uptrend, with positive MACD and RSI below the overbought threshold. The small histogram and below-average volume temper confidence in a new breakout near recent resistance. Gamuda receives a positive inferred demand backdrop from ongoing investment and stable domestic policy. Construction input costs and project financing remain material offsets, so confidence is medium. The bear carries the financing objection: 72% net gearing exceeds the issuer's 70% internal limit and no cash bridge establishes repair. Positive profit and backlog preserve execution upside, so this does not imply delivery is impossible. Present entry depends on observed funded conversion rather than contract scale.",
  "bull_case": "Gamuda has a large construction order book, positive annual profit growth and a constructive trend. Round two acknowledges gearing above the internal limit and conditions the upside on funded backlog conversion and a credible return within that limit. Strongest disconfirming evidence to caution: The RM61bn order book and positive annual profit growth of 5% provide substantial profitable execution opportunity alongside a constructive price trend.",
  "bear_case": "Profit growth lagged revenue, property profit fell and net gearing of 72% exceeded the disclosed 70% limit. Round two accepts that profits remain positive but notes neither backlog nor earnings proves cash conversion capable of repairing leverage.",
  "key_uncertainties": [
    "Working capital, FCF and funding for backlog delivery.",
    "Observed path back within the existing gearing limit, overseas/project economics and property recovery.",
    "Normalised valuation and matched consolidated/JV financial denominators.",
    "Working capital, FCF and funded delivery of the backlog.",
    "Path and timing back within the disclosed gearing limit.",
    "Property earnings recovery and overseas execution.",
    "Matched normalised valuation; JV-inclusive revenue is not a matched consolidated-margin denominator.",
    "Vendor financial statements lack verified fiscal/availability timing; vendor forward P/E is an estimate, and a matched normalised fair-value model is unavailable."
  ],
  "catalysts_upcoming": [
    "Next comparable issuer disclosure, date unavailable here: A subsequent issuer disclosure reports net gearing at or below its existing 70% internal limit and positive post-investment cash from backlog delivery, removing the principal financing objection.",
    "Reassessment trigger rather than a forecast: Comparable annual profit growth at or below zero with gearing remaining above 70% would invalidate the retained profitable-execution counterweight."
  ],
  "risk_assessment": {
    "correlation_notes": [
      "Low beta (0.02) \u2014 historically less sensitive to broad-market moves.",
      "Sector: Industrials \u2014 use sector-specific catalysts and risks in the thesis."
    ],
    "max_drawdown_scenario": "Historical max drawdown: 60.7% over available price history. Projected worst case (2-sigma): ~51.5% from current $5.00.",
    "risk_reward_ratio": null
  },
  "action_plan": {
    "entry_limit": null,
    "entry_rationale": null,
    "stop_loss": null,
    "stop_rationale": null,
    "take_profit_1": null,
    "take_profit_2": null,
    "target_rationale": null,
    "horizon": "swing (2-8 weeks)",
    "note": "Signal too mixed for precise levels (conviction +0.00, convergence 0.55). Wait for a clearer setup."
  },
  "research_verdict": {
    "ticker": "5398",
    "judged_view": "neutral",
    "confidence": "medium",
    "thesis": "The bear carries the financing objection: 72% net gearing exceeds the issuer's 70% internal limit and no cash bridge establishes repair. Positive profit and backlog preserve execution upside, so this does not imply delivery is impossible. Present entry depends on observed funded conversion rather than contract scale.",
    "winning_side": "bear",
    "strongest_counterexample": "The RM61bn order book and positive annual profit growth of 5% provide substantial profitable execution opportunity alongside a constructive price trend.",
    "invalidation_conditions": [
      "A subsequent issuer disclosure reports net gearing at or below its existing 70% internal limit and positive post-investment cash from backlog delivery, removing the principal financing objection.",
      "Comparable annual profit growth at or below zero with gearing remaining above 70% would invalidate the retained profitable-execution counterweight."
    ],
    "evidence_gaps": [
      "Working capital, FCF and funding for backlog delivery.",
      "Observed path back within the existing gearing limit, overseas/project economics and property recovery.",
      "Normalised valuation and matched consolidated/JV financial denominators."
    ],
    "decisive_factors": [
      "72% gearing versus 70% issuer internal limit.",
      "Annual profit +5% trails revenue +14%; quarterly property profit -41%.",
      "Backlog is not cash, and positive trend does not fund it."
    ]
  },
  "agent_signal_breakdown": {
    "fundamentals": "neutral",
    "sentiment": "neutral",
    "technical": "buy",
    "macro": "buy"
  },
  "synthesized_signal": "neutral",
  "signal_gate_reasons": [],
  "pipeline_mode": "in-session"
}

synced to Supabase: analysis_runs/3711744d-aead-40e2-ac7c-2ea5ff38ccc7
