{
  "ticker": "SNDK",
  "date": "2026-10-07",
  "data_as_of": "2026-10-06",
  "overall_signal": "neutral",
  "conviction": {
    "score": 0.0,
    "signal_convergence": 0.3,
    "explanation": "Medium evidence confidence. The bear carries the normalised-earnings objection because pricing dominates sequential growth and the proposed mix resilience has no contract/cash proof. Neutral preserves verified datacenter and revenue growth without predicting a NAND reversal. Peak net earnings and the low forward estimate are unsuitable sustainable-value anchors. Conviction describes the current evidence, not a calibrated win rate; outcome memory has no observations."
  },
  "executive_summary": "Sandisk's datacenter expansion and new agreements support a potential mix shift, while FY26 revenue rose 175%. Approximately two-thirds of sequential growth came from pricing, and unusually high GAAP net income needs tax/nonrecurring reconciliation; customer agreements have not established immunity to the NAND cycle. Maintain observation; the evidence does not yet establish a directional new-position advantage.\n\nThe supplied series remains above SMA-50 and SMA-200, but negative MACD histogram, falling 5- and 20-bar returns and low volume indicate cooling momentum. Only 413 bars are available and the extraordinary historical appreciation is not independently verified for corporate-action comparability, so recent observed ranges carry more weight than extrapolation. SanDisk has potential broad technology demand support, but NAND pricing and inventories are unverified in the macro layer. A neutral low-confidence signal avoids turning generic AI spending into a memory-cycle forecast. The bear carries the normalised-earnings objection because pricing dominates sequential growth and the proposed mix resilience has no contract/cash proof. Neutral preserves verified datacenter and revenue growth without predicting a NAND reversal. Peak net earnings and the low forward estimate are unsuitable sustainable-value anchors. Strongest counterweight considered: FY revenue grew175%, datacenter revenue437% and ten agreements were signed, providing genuine customer-mix opportunity beyond a claim that all demand is merely pricing.",
  "bull_case": "Sandisk has rapid datacenter growth and new agreements alongside strong realised revenue. Round two explicitly concedes dominant pricing contribution and preserves only a conditional customer-mix thesis whose through-cycle economics remain unknown.",
  "bear_case": "The bear accepts that some opportunity may persist but notes the one-third arithmetic remainder is not identified unit growth. Peak GAAP income, taxes, missing FCF and cooling momentum leave pricing-cycle risk unvalued.",
  "key_uncertainties": [
    "Contract economics, NAND price/volume decomposition and through-cycle cash.",
    "Tax/nonrecurring earnings reconciliation, debt and FCF.",
    "Normalised valuation and corporate-action/predecessor comparability of413-bar history.",
    "Contract economics, NAND pricing and through-cycle cash resilience.",
    "Tax/nonrecurring reconciliation of GAAP earnings, debt and FCF.",
    "Normalised valuation and corporate-action comparability of the 413-bar history.",
    "Vendor financial statements lack verified fiscal/availability timing; vendor forward P/E is an estimate, and a matched normalised fair-value model is unavailable."
  ],
  "catalysts_upcoming": [
    "Next comparable issuer disclosure, date unavailable here: Verified agreement/pricing disclosures show comparable earnings and FCF above zero during a subsequent observed NAND-price decline, directly testing and potentially overturning the unresolved cycle-resilience objection.",
    "Reassessment trigger rather than a forecast: A comparable annual datacenter revenue growth rate at or below zero with declining prices would invalidate the retained mix-growth counterweight."
  ],
  "risk_assessment": {
    "correlation_notes": [
      "Sector: Technology \u2014 use sector-specific catalysts and risks in the thesis."
    ],
    "max_drawdown_scenario": "Historical max drawdown: 56.5% over available price history. Projected worst case (2-sigma): ~222.1% from current $1660.46.",
    "risk_reward_ratio": null
  },
  "action_plan": {
    "entry_limit": null,
    "entry_rationale": null,
    "stop_loss": null,
    "stop_rationale": null,
    "take_profit_1": null,
    "take_profit_2": null,
    "target_rationale": null,
    "horizon": "swing (2-8 weeks)",
    "note": "Signal too mixed for precise levels (conviction +0.00, convergence 0.30). Wait for a clearer setup."
  },
  "research_verdict": {
    "ticker": "SNDK",
    "judged_view": "neutral",
    "confidence": "medium",
    "thesis": "The bear carries the normalised-earnings objection because pricing dominates sequential growth and the proposed mix resilience has no contract/cash proof. Neutral preserves verified datacenter and revenue growth without predicting a NAND reversal. Peak net earnings and the low forward estimate are unsuitable sustainable-value anchors.",
    "winning_side": "bear",
    "strongest_counterexample": "FY revenue grew175%, datacenter revenue437% and ten agreements were signed, providing genuine customer-mix opportunity beyond a claim that all demand is merely pricing.",
    "invalidation_conditions": [
      "Verified agreement/pricing disclosures show comparable earnings and FCF above zero during a subsequent observed NAND-price decline, directly testing and potentially overturning the unresolved cycle-resilience objection.",
      "A comparable annual datacenter revenue growth rate at or below zero with declining prices would invalidate the retained mix-growth counterweight."
    ],
    "evidence_gaps": [
      "Contract economics, NAND price/volume decomposition and through-cycle cash.",
      "Tax/nonrecurring earnings reconciliation, debt and FCF.",
      "Normalised valuation and corporate-action/predecessor comparability of413-bar history."
    ],
    "decisive_factors": [
      "Approximately two-thirds of sequential growth came from pricing.",
      "Residual one-third is not verified unit growth.",
      "$6.90bn GAAP net income needs normalisation; cooling MACD and short-history caveat."
    ]
  },
  "agent_signal_breakdown": {
    "fundamentals": "neutral",
    "sentiment": "buy",
    "technical": "neutral",
    "macro": "neutral"
  },
  "synthesized_signal": "neutral",
  "signal_gate_reasons": [],
  "pipeline_mode": "in-session"
}

synced to Supabase: analysis_runs/f138b5da-2cae-4520-a228-7f34d027c806
