{
  "ticker": "TSM",
  "date": "2026-10-07",
  "data_as_of": "2026-10-06",
  "overall_signal": "neutral",
  "conviction": {
    "score": 0.0,
    "signal_convergence": 0.5455,
    "explanation": "Medium evidence confidence. Present profitability supports the operating case, while neither advocate resolves fab cash returns, geographic compensation or current valuation. A surprise catalyst is not required, but high net margin is not a through-cycle return on capacity. Neutral separates those truths from an extended immediate entry. Conviction describes the current evidence, not a calibrated win rate; outcome memory has no observations."
  },
  "executive_summary": "TSMC reported substantial revenue, net income and derived net margin in its latest observed quarter, providing a realised profitability foundation. Board approval and a dividend do not establish an incremental growth surprise, and Taiwan concentration, fab cash returns and overseas-capacity economics remain material unresolved issues. Maintain observation; the evidence does not yet establish a directional new-position advantage.\n\nBoth major averages, positive MACD and positive multiweek returns support a strong uptrend. RSI near 88 and a close near the observed high show substantial extension, while below-average turnover leaves a fresh breakout unconfirmed. TSMC has a positive inferred foundry demand backdrop from verified technology spending. Capital intensity and semiconductor licensing requirements are meaningful offsets, limiting confidence to medium. Present profitability supports the operating case, while neither advocate resolves fab cash returns, geographic compensation or current valuation. A surprise catalyst is not required, but high net margin is not a through-cycle return on capacity. Neutral separates those truths from an extended immediate entry. Strongest counterweight considered: Issuer-quarter net income NT$706.56bn on revenue NT$1,270.38bn gives55.62% derived net margin, demonstrating substantial realised profitability alongside a strong trend.",
  "bull_case": "TSMC has substantial current earnings and profitability. Round two argues that sustained economics can support a thesis without a board-approval surprise, while distinguishing current net margin from guaranteed through-cycle fab returns.",
  "bear_case": "The bear accepts that a surprise is not necessary but retains Taiwan concentration, capital intensity and overseas-capacity cash economics as the stronger objections. The premium snapshot valuation and extreme extension do not resolve them.",
  "key_uncertainties": [
    "Debt, FCF, capex and overseas capacity returns.",
    "Valuation compensation for geographic concentration.",
    "Matched intrinsic valuation and through-cycle economics.",
    "Debt, FCF, capex and overseas-fab investment returns.",
    "Geographic concentration downside compensation.",
    "Matched valuation and entry conditions with extreme RSI.",
    "Vendor financial statements lack verified fiscal/availability timing; vendor forward P/E is an estimate, and a matched normalised fair-value model is unavailable."
  ],
  "catalysts_upcoming": [
    "Next comparable issuer disclosure, date unavailable here: A matched fab investment/debt cash bridge demonstrates positive post-investment surplus and positive overseas capacity returns, resolving the principal return gate without eliminating geographic exposure.",
    "Reassessment trigger rather than a forecast: A subsequent comparable quarterly net-income result at or below zero would invalidate the retained substantial-profitability premise."
  ],
  "risk_assessment": {
    "correlation_notes": [
      "Sector: Technology \u2014 use sector-specific catalysts and risks in the thesis."
    ],
    "max_drawdown_scenario": "Historical max drawdown: 56.5% over available price history. Projected worst case (2-sigma): ~66.1% from current $482.30.",
    "risk_reward_ratio": null
  },
  "action_plan": {
    "entry_limit": null,
    "entry_rationale": null,
    "stop_loss": null,
    "stop_rationale": null,
    "take_profit_1": null,
    "take_profit_2": null,
    "target_rationale": null,
    "horizon": "swing (2-8 weeks)",
    "note": "Signal too mixed for precise levels (conviction +0.00, convergence 0.55). Wait for a clearer setup."
  },
  "research_verdict": {
    "ticker": "TSM",
    "judged_view": "neutral",
    "confidence": "medium",
    "thesis": "Present profitability supports the operating case, while neither advocate resolves fab cash returns, geographic compensation or current valuation. A surprise catalyst is not required, but high net margin is not a through-cycle return on capacity. Neutral separates those truths from an extended immediate entry.",
    "winning_side": "neither",
    "strongest_counterexample": "Issuer-quarter net income NT$706.56bn on revenue NT$1,270.38bn gives55.62% derived net margin, demonstrating substantial realised profitability alongside a strong trend.",
    "invalidation_conditions": [
      "A matched fab investment/debt cash bridge demonstrates positive post-investment surplus and positive overseas capacity returns, resolving the principal return gate without eliminating geographic exposure.",
      "A subsequent comparable quarterly net-income result at or below zero would invalidate the retained substantial-profitability premise."
    ],
    "evidence_gaps": [
      "Debt, FCF, capex and overseas capacity returns.",
      "Valuation compensation for geographic concentration.",
      "Matched intrinsic valuation and through-cycle economics."
    ],
    "decisive_factors": [
      "Current quarter levels do not establish an incremental growth surprise.",
      "NT$7 ordinary-share dividend differs from US$4.31 ADR EPS.",
      "35.31x vendor reference and RSI87.9793 do not establish downside compensation."
    ]
  },
  "agent_signal_breakdown": {
    "fundamentals": "buy",
    "sentiment": "neutral",
    "technical": "neutral",
    "macro": "buy"
  },
  "synthesized_signal": "neutral",
  "signal_gate_reasons": [],
  "pipeline_mode": "in-session"
}

synced to Supabase: analysis_runs/e5d7fe99-be36-490a-8e89-8cabe7d029b2
