{
  "ticker": "JPM",
  "date": "2026-10-07",
  "data_as_of": "2026-10-06",
  "overall_signal": "neutral",
  "conviction": {
    "score": 0.0,
    "signal_convergence": 0.25,
    "explanation": "23% normalized ROTCE and$16.9bn normalized quarterly profit already absorb observed credit costs, supporting a profitable bank franchise at 13.24x estimated forward earnings.14.1% CET1 and deposit growth strengthen resilience; future credit/funding pressure and unconfirmed price recovery bound conviction."
  },
  "executive_summary": "JPMorgan supports a measured franchise purchase from normalized earnings rather than significant gains. Quarterly income excluding those items was$16.9bn, normalized EPS grew 13% and ROTCE was 23%, after the observed$2.5bn credit-cost environment. Standardized CET1 of 14.1% and 7% deposit growth provide bank-specific support.\n\nLoan growth of 10% expands future exposure, card charge-offs were 3.34% and ex-markets NII growth was 4%. Higher rates can reprice funding as well as assets. The 13.24x forward reference offers plausible compensation if current returns persist; shorter-term weakness argues for patient timing rather than a confirmed reversal.",
  "bull_case": "Sustained normalized returns and deposit-franchise growth can support shareholder profitability with measured capital resilience.",
  "bear_case": "Future credit losses or deposit repricing could reduce returns; gain-supported trailing earnings are a less clean valuation anchor.",
  "key_uncertainties": [
    "Future card credit costs and loan-growth quality.",
    "Funding repricing versus ex-markets NII growth.",
    "Persistence of normalized returns and capital through the cycle."
  ],
  "catalysts_upcoming": [
    "Comparable results with resilient normalized ROTCE, contained card charge-offs and stable CET1 would support franchise compensation.",
    "Deposit and ex-markets NII disclosures showing funding growth without margin erosion would strengthen earnings durability."
  ],
  "risk_assessment": {
    "correlation_notes": [
      "Sector: Financial Services \u2014 use sector-specific catalysts and risks in the thesis."
    ],
    "max_drawdown_scenario": "Historical max drawdown: 43.6% over available price history. Projected worst case (2-sigma): ~36.2% from current $331.28.",
    "risk_reward_ratio": null
  },
  "action_plan": {
    "entry_limit": null,
    "entry_rationale": null,
    "stop_loss": null,
    "stop_rationale": null,
    "take_profit_1": null,
    "take_profit_2": null,
    "target_rationale": null,
    "horizon": "swing (2-8 weeks)",
    "note": "Signal too mixed for precise levels (conviction +0.00, convergence 0.25). Wait for a clearer setup."
  },
  "research_verdict": {
    "ticker": "JPM",
    "judged_view": "buy",
    "confidence": "medium",
    "thesis": "JPMorgan supports a bounded franchise purchase with 23% normalized ROTCE, $16.9bn normalized quarterly earnings and 14.1% standardized CET1 at an estimated 13.24x forward reference. The bull decisively shows those returns already absorb the observed $2.5bn credit costs, so charging those losses against the thesis again would misstate current economics. Deposit growth and capital support resilience, while future credit deterioration and funding repricing remain genuine risks.",
    "winning_side": "bull",
    "strongest_counterexample": "Loan growth of 10% expands future credit exposure, card charge-offs are 3.34%, and only 4% ex-markets NII growth leaves less buffer if deposit costs rise; strong present returns do not insulate adverse-cycle shareholder losses.",
    "invalidation_conditions": [
      "Comparable-quarter normalized ROTCE below 23% with card charge-offs above 3.34% would undermine the observed return/credit compensation.",
      "Standardized CET1 below the observed 14.1% together with normalized quarterly profit below $16.9bn would weaken the capital-supported purchase."
    ],
    "evidence_gaps": [],
    "decisive_factors": [
      "Normalized income excludes significant gains and is after current credit costs.",
      "Bank capital and franchise growth, rather than industrial FCF or a predicted NIM uplift, support the ruling."
    ]
  },
  "agent_signal_breakdown": {
    "fundamentals": "buy",
    "sentiment": "neutral",
    "technical": "neutral",
    "macro": "neutral"
  },
  "synthesized_signal": "buy",
  "signal_gate_reasons": [
    "synthesis_actionability_gate_failed"
  ],
  "pipeline_mode": "in-session"
}

synced to Supabase: analysis_runs/7f72a23f-67a4-40fb-8b85-cd73220908fa
