{
  "ticker": "APP",
  "date": "2026-10-07",
  "data_as_of": "2026-10-06",
  "overall_signal": "neutral",
  "conviction": {
    "score": 0.0,
    "signal_convergence": 0.5,
    "explanation": "Medium evidence confidence. The bull carries the current-business-quality argument because realised continuing earnings and FCF outweigh unsupported suggestions of current impairment. Neutral keeps that ruling separate from buying value: a severe downtrend, unknown leverage and unverified durability prevent an actionable bargain conclusion. No verified misconduct or negative catalyst is inferred. Conviction describes the current evidence, not a calibrated win rate; outcome memory has no observations."
  },
  "executive_summary": "AppLovin combines 53% revenue growth, 64% continuing-profit growth and $863.3m FCF, a substantive operating and cash counterweight to its severe price decline. No independently verified negative catalyst explains that conflict; platform durability and leverage require evidence rather than assumptions of either misconduct or a bargain. Maintain observation; the evidence does not yet establish a directional new-position advantage.\n\nPrice is deeply below both major averages with negative MACD and substantial declines across every provided horizon. RSI near 30 and proximity to the observed low permit a rebound but do not confirm one; volatility remains elevated and volume does not validate accumulation. AppLovin has a mixed spending and discount-rate backdrop. The macro layer remains neutral with low confidence because mobile advertising exposure cannot be mapped precisely from these aggregate releases. The bull carries the current-business-quality argument because realised continuing earnings and FCF outweigh unsupported suggestions of current impairment. Neutral keeps that ruling separate from buying value: a severe downtrend, unknown leverage and unverified durability prevent an actionable bargain conclusion. No verified misconduct or negative catalyst is inferred. Strongest counterweight considered: Price is deeply below both major averages with negative MACD and a 37.05% observed 60-bar decline; current cash results do not explain this weakness or prove lasting platform economics and safe leverage.",
  "bull_case": "AppLovin has strong continuing-operation growth and near-total CFO-to-FCF conversion. Round two defends a contrarian operating foundation beyond adjusted earnings while making repeatability, leverage and actual stabilisation conditions for the thesis.",
  "bear_case": "The bear accepts present cash strength and avoids inventing misconduct or impairment. Its remaining objections are unverified durability, leverage, regulatory exposure and valuation compensation, alongside a severe unconfirmed downtrend.",
  "key_uncertainties": [
    "Current leverage and repeatability of platform economics.",
    "Verified regulatory/platform exposure and cause of price weakness.",
    "Recurring valuation and actual stabilisation.",
    "Platform economics, repeated cash generation and regulatory exposure.",
    "Current leverage and recurring valuation.",
    "Explanation of price weakness and actual stabilisation; missing negative headlines are not evidence of benign risks.",
    "Vendor financial statements lack verified fiscal/availability timing; vendor forward P/E is an estimate, and a matched normalised fair-value model is unavailable."
  ],
  "catalysts_upcoming": [
    "Next comparable issuer disclosure, date unavailable here: A subsequent comparable quarter reports continuing net-income growth at or below zero or FCF at or below zero, undermining the load-bearing strong-current-growth/cash case.",
    "Reassessment trigger rather than a forecast: Verified primary platform/regulatory changes materially impair the documented revenue/cash model, requiring reassessment rather than assuming benign missing headlines."
  ],
  "risk_assessment": {
    "correlation_notes": [
      "High beta (2.56) \u2014 price may amplify broad-market moves.",
      "Sector: Communication Services \u2014 use sector-specific catalysts and risks in the thesis."
    ],
    "max_drawdown_scenario": "Historical max drawdown: 91.9% over available price history. Projected worst case (2-sigma): ~118.5% from current $278.78.",
    "risk_reward_ratio": null
  },
  "action_plan": {
    "entry_limit": null,
    "entry_rationale": null,
    "stop_loss": null,
    "stop_rationale": null,
    "take_profit_1": null,
    "take_profit_2": null,
    "target_rationale": null,
    "horizon": "swing (2-8 weeks)",
    "note": "Signal too mixed for precise levels (conviction +0.00, convergence 0.50). Wait for a clearer setup."
  },
  "research_verdict": {
    "ticker": "APP",
    "judged_view": "neutral",
    "confidence": "medium",
    "thesis": "The bull carries the current-business-quality argument because realised continuing earnings and FCF outweigh unsupported suggestions of current impairment. Neutral keeps that ruling separate from buying value: a severe downtrend, unknown leverage and unverified durability prevent an actionable bargain conclusion. No verified misconduct or negative catalyst is inferred.",
    "winning_side": "bull",
    "strongest_counterexample": "Price is deeply below both major averages with negative MACD and a 37.05% observed 60-bar decline; current cash results do not explain this weakness or prove lasting platform economics and safe leverage.",
    "invalidation_conditions": [
      "A subsequent comparable quarter reports continuing net-income growth at or below zero or FCF at or below zero, undermining the load-bearing strong-current-growth/cash case.",
      "Verified primary platform/regulatory changes materially impair the documented revenue/cash model, requiring reassessment rather than assuming benign missing headlines."
    ],
    "evidence_gaps": [
      "Current leverage and repeatability of platform economics.",
      "Verified regulatory/platform exposure and cause of price weakness.",
      "Recurring valuation and actual stabilisation."
    ],
    "decisive_factors": [
      "Revenue +53%, continuing net income +64%.",
      "$863.3m FCF against $869.0m CFO supplies actual conversion.",
      "Adverse chart does not independently establish business impairment or price value."
    ]
  },
  "agent_signal_breakdown": {
    "fundamentals": "buy",
    "sentiment": "buy",
    "technical": "sell",
    "macro": "neutral"
  },
  "synthesized_signal": "neutral",
  "signal_gate_reasons": [],
  "pipeline_mode": "in-session"
}

synced to Supabase: analysis_runs/8761fd62-ef8d-4b60-9a7f-6b84cb6a913e
