{
  "ticker": "0128",
  "date": "2026-10-07",
  "data_as_of": "2026-10-06",
  "overall_signal": "neutral",
  "conviction": {
    "score": 0.0,
    "signal_convergence": 0.75,
    "explanation": "Medium evidence confidence. Revenue evidence defeats an absent-demand argument, while both sides concede unknown normalised earnings, capacity returns and funding. Neither establishes present buying value or observed business impairment. Capacity expansion remains an investment hypothesis rather than a delivered return. Conviction describes the current evidence, not a calibrated win rate; outcome memory has no observations."
  },
  "executive_summary": "Frontken has genuine operating demand: H1 revenue rose 30% and Taiwan revenue 18% in local currency. Other operating income rose materially, so the 40% H1 profit gain is not an independently established recurring-service growth rate. The approximately RM118m capacity commitment still requires funded utilisation and cash returns. Maintain observation; the evidence does not yet establish a directional new-position advantage.\n\nPrice has reclaimed both major averages with positive MACD momentum and above-average volume. The close slightly exceeds the upper band near observed resistance, so the bullish setup still needs follow-through rather than extrapolation of the recent rebound. Frontken has a positive inferred macro demand backdrop from the verified technology expansion. The signal does not assume a specific fab project, margin uplift or FX gain. Revenue evidence defeats an absent-demand argument, while both sides concede unknown normalised earnings, capacity returns and funding. Neither establishes present buying value or observed business impairment. Capacity expansion remains an investment hypothesis rather than a delivered return.",
  "bull_case": "Frontken has verified group and Taiwan local-currency revenue expansion. The second bull distinguishes genuine demand from other-income contributions and defends conditional capacity upside, without treating the RM118m commitment as realised earnings. Strongest disconfirming evidence to caution: Group H1 revenue grew 30% and Taiwan revenue grew 18% in TWD; independent demand growth plus constructive technical participation could support profitable expansion.",
  "bear_case": "Growth in other income leaves normalised earnings magnitude unquantified, while translated growth trails local activity. Round two accepts demand resilience but identifies unknown funding, utilisation and cash returns as unanswered purchase hurdles at the snapshot premium.",
  "key_uncertainties": [
    "Recurring profit excluding other income.",
    "Current debt, FCF and funding/utilisation of approximately RM118m capacity commitment.",
    "Matched intrinsic valuation and verified quarterly-report publication date.",
    "Normalised recurring profit excluding other income.",
    "Debt, FCF, funding and utilisation of new Taiwan capacity.",
    "Sustainable translated earnings and matched valuation; report publication date was not retrieved.",
    "Vendor financial statements lack verified fiscal/availability timing; vendor forward P/E is an estimate, and a matched normalised fair-value model is unavailable."
  ],
  "catalysts_upcoming": [
    "Next comparable issuer disclosure, date unavailable here: A subsequent comparable disclosure shows positive recurring-profit growth after excluding other-income effects and CFO less maintenance/capacity investment above zero, together with funded utilisation of purchased capacity, resolving the central buy gates.",
    "Reassessment trigger rather than a forecast: Taiwan local-currency revenue growth at or below zero in a subsequent comparable period would invalidate the retained demand-resilience claim."
  ],
  "risk_assessment": {
    "correlation_notes": [
      "Low beta (0.59) \u2014 historically less sensitive to broad-market moves.",
      "Sector: Industrials \u2014 use sector-specific catalysts and risks in the thesis."
    ],
    "max_drawdown_scenario": "Historical max drawdown: 57.3% over available price history. Projected worst case (2-sigma): ~55.6% from current $5.20.",
    "risk_reward_ratio": null
  },
  "action_plan": {
    "entry_limit": null,
    "entry_rationale": null,
    "stop_loss": null,
    "stop_rationale": null,
    "take_profit_1": null,
    "take_profit_2": null,
    "target_rationale": null,
    "horizon": "swing (2-8 weeks)",
    "note": "Signal too mixed for precise levels (conviction +0.00, convergence 0.75). Wait for a clearer setup."
  },
  "research_verdict": {
    "ticker": "0128",
    "judged_view": "neutral",
    "confidence": "medium",
    "thesis": "Revenue evidence defeats an absent-demand argument, while both sides concede unknown normalised earnings, capacity returns and funding. Neither establishes present buying value or observed business impairment. Capacity expansion remains an investment hypothesis rather than a delivered return.",
    "winning_side": "neither",
    "strongest_counterexample": "Group H1 revenue grew 30% and Taiwan revenue grew 18% in TWD; independent demand growth plus constructive technical participation could support profitable expansion.",
    "invalidation_conditions": [
      "A subsequent comparable disclosure shows positive recurring-profit growth after excluding other-income effects and CFO less maintenance/capacity investment above zero, together with funded utilisation of purchased capacity, resolving the central buy gates.",
      "Taiwan local-currency revenue growth at or below zero in a subsequent comparable period would invalidate the retained demand-resilience claim."
    ],
    "evidence_gaps": [
      "Recurring profit excluding other income.",
      "Current debt, FCF and funding/utilisation of approximately RM118m capacity commitment.",
      "Matched intrinsic valuation and verified quarterly-report publication date."
    ],
    "decisive_factors": [
      "Other income increased to RM11.217m from RM3.573m.",
      "Local-currency revenue growth is independent operating evidence.",
      "47.18x vendor trailing reference is not normalised intrinsic value."
    ]
  },
  "agent_signal_breakdown": {
    "fundamentals": "neutral",
    "sentiment": "buy",
    "technical": "buy",
    "macro": "buy"
  },
  "synthesized_signal": "neutral",
  "signal_gate_reasons": [],
  "pipeline_mode": "in-session"
}

synced to Supabase: analysis_runs/53183e7a-64b9-4f67-a8a8-5d10e5b1c414
