{
  "ticker": "5398",
  "date": "2026-10-07",
  "data_as_of": "2026-10-06",
  "overall_signal": "neutral",
  "conviction": {
    "score": 0.0,
    "signal_convergence": 0.5,
    "explanation": "Construction profit growth and a CFO turnaround support execution upside, but 72% gearing, much larger investing outflow and 29.35x trailing earnings offset that progress. The uptrend and macro investment backdrop are supportive without funding the expansion."
  },
  "executive_summary": "Gamuda has delivered progress: construction profit increased 19% at a 5% segment net margin and annual CFO improved to RM807.6m. The RM61.2bn orderbook and constructive trend support further execution, though group profit grew only 5%.\n\nAt 29.35x trailing earnings, substantial improvement is already required. Gearing rose to 72%, short-term borrowings increased, and RM3.401bn investing outflow exceeded operating cash. Neutral recognizes a productive construction engine alongside funding and valuation burdens; management\u2019s future gearing target is not completed deleveraging.",
  "bull_case": "Construction execution and stronger collections could convert backlog into earnings while property recovery helps reduce financing dependence.",
  "bear_case": "Property weakness, rollover sensitivity and investment demands may keep cash behind earnings and pressure a growth-priced valuation.",
  "key_uncertainties": [
    "Backlog collection timing and property recovery.",
    "Gearing reduction and short-term financing renewal.",
    "Investing outflow is not interchangeable with recurring capex."
  ],
  "catalysts_upcoming": [
    "Comparable cash-flow results with rising CFO and declining gearing would support execution compensation.",
    "Observed delivery of management\u2019s sub 70% gearing objective by lateFY27 would reduce financing risk."
  ],
  "risk_assessment": {
    "correlation_notes": [
      "Low beta (0.02) \u2014 historically less sensitive to broad-market moves.",
      "Sector: Industrials \u2014 use sector-specific catalysts and risks in the thesis."
    ],
    "max_drawdown_scenario": "Historical max drawdown: 60.7% over available price history. Projected worst case (2-sigma): ~51.5% from current $5.00.",
    "risk_reward_ratio": null
  },
  "action_plan": {
    "entry_limit": null,
    "entry_rationale": null,
    "stop_loss": null,
    "stop_rationale": null,
    "take_profit_1": null,
    "take_profit_2": null,
    "target_rationale": null,
    "horizon": "swing (2-8 weeks)",
    "note": "Signal too mixed for precise levels (conviction +0.00, convergence 0.50). Wait for a clearer setup."
  },
  "research_verdict": {
    "ticker": "5398",
    "judged_view": "neutral",
    "confidence": "medium",
    "thesis": "Gamuda has a genuinely improving construction engine, but 29.35x trailing earnings prices more progress than the observed 5% group profit growth. The bear wins on the scale of financing dependence: 72% gearing and RM3.401bn investing outflow against RM807.6m CFO. A profitable RM61.2bn backlog and construction profit growth preserve credible upside, preventing financing risk alone from proving a sell.",
    "winning_side": "bear",
    "strongest_counterexample": "Construction profit rose 19% at a stable 5% segment margin, and CFO improved from negative RM78.5m to positive RM807.6m; this is delivered operating progress rather than merely a backlog promise.",
    "invalidation_conditions": [
      "Observed net gearing below the management-stated 70% objective by late FY27, with CFO exceeding the FY26 RM807.6m baseline, would weaken the financing-restraint ruling.",
      "Construction segment net margin below the observed 5.0% and a return to negative annual CFO would invalidate the preserved execution-upside counterweight."
    ],
    "evidence_gaps": [],
    "decisive_factors": [
      "Gearing rose from 53% to 72%; short-term borrowings rose to RM6.341bn.",
      "Positive CFO does not fund the current investment scale; investing outflow is not mislabeled recurring capex."
    ]
  },
  "agent_signal_breakdown": {
    "fundamentals": "neutral",
    "sentiment": "neutral",
    "technical": "buy",
    "macro": "buy"
  },
  "synthesized_signal": "neutral",
  "signal_gate_reasons": [],
  "pipeline_mode": "in-session"
}

synced to Supabase: analysis_runs/e365f12a-16be-41d6-889b-16ef8191856a
