{
  "ticker": "AAPL",
  "date": "2026-10-07",
  "data_as_of": "2026-10-06",
  "overall_signal": "neutral",
  "conviction": {
    "score": 0.0,
    "signal_convergence": 0.25,
    "explanation": "Medium evidence confidence. The bear carries present-entry caution because broad revenue growth does not establish normalised owner-cash value at the snapshot premium. The bull establishes operating quality after separating refunds, preventing a deterioration-based sell ruling. A simple $1.91 quarterly EPS adjustment is not a complete normalised growth comparison. Conviction describes the current evidence, not a calibrated win rate; outcome memory has no observations."
  },
  "executive_summary": "Apple's 16% revenue growth spans products, services and geographies, providing a broad operating foundation. The 29% EPS increase and 50.1% gross margin include tariff-refund benefits, so normalised profitability rather than headline acceleration must support the premium vendor valuation. Maintain observation; the evidence does not yet establish a directional new-position advantage.\n\nThe medium- and long-term trend remains positive above both major averages, but the negative MACD histogram and weak volume signal consolidation. Neutral RSI and a mid-band close do not establish a fresh momentum entry near the recent high. Apple faces resilient aggregate demand alongside a higher discount-rate hurdle and consumer purchasing-power pressure. This is balanced evidence rather than a verified hardware replacement-cycle catalyst. The bear carries present-entry caution because broad revenue growth does not establish normalised owner-cash value at the snapshot premium. The bull establishes operating quality after separating refunds, preventing a deterioration-based sell ruling. A simple $1.91 quarterly EPS adjustment is not a complete normalised growth comparison. Strongest counterweight considered: Revenue grew 16% across products and geographies with record quarterly CFO; tariff refunds do not account for this broad demand expansion.",
  "bull_case": "Apple has broad product and geographic revenue expansion and record quarterly CFO. Round two separates this demand from tariff-assisted EPS, using $1.91 only as a simple current-quarter adjustment rather than a complete normalised growth comparison.",
  "bear_case": "The bear accepts broad demand independent of refunds but notes unresolved owner cash and a 38.17x vendor valuation. Roughly two percentage points of gross margin relate to refunds, while a positive long-term trend with weak volume does not establish price support.",
  "key_uncertainties": [
    "Complete normalised year-on-year EPS/gross-margin comparison.",
    "Debt, post-capex cash and owner-cash yield.",
    "Matched valuation and persistence of product/geographic growth.",
    "Complete normalised year-on-year EPS and gross-margin bridge.",
    "Debt, capex-adjusted cash and owner-cash yield.",
    "Persistence of demand and valuation allowance at the snapshot premium.",
    "Vendor financial statements lack verified fiscal/availability timing; vendor forward P/E is an estimate, and a matched normalised fair-value model is unavailable."
  ],
  "catalysts_upcoming": [
    "Next comparable issuer disclosure, date unavailable here: A complete comparable earnings/cash bridge excluding the $0.11 EPS and approximately two-point gross-margin refund effects shows positive normalised earnings growth and positive cash after capex/debt service, resolving the key operating-to-owner-cash gap.",
    "Reassessment trigger rather than a forecast: A subsequent comparable revenue growth rate at or below zero would invalidate the retained broad-demand expansion premise."
  ],
  "risk_assessment": {
    "correlation_notes": [
      "Sector: Technology \u2014 use sector-specific catalysts and risks in the thesis."
    ],
    "max_drawdown_scenario": "Historical max drawdown: 38.5% over available price history. Projected worst case (2-sigma): ~54.0% from current $333.63.",
    "risk_reward_ratio": null
  },
  "action_plan": {
    "entry_limit": null,
    "entry_rationale": null,
    "stop_loss": null,
    "stop_rationale": null,
    "take_profit_1": null,
    "take_profit_2": null,
    "target_rationale": null,
    "horizon": "swing (2-8 weeks)",
    "note": "Signal too mixed for precise levels (conviction +0.00, convergence 0.25). Wait for a clearer setup."
  },
  "research_verdict": {
    "ticker": "AAPL",
    "judged_view": "neutral",
    "confidence": "medium",
    "thesis": "The bear carries present-entry caution because broad revenue growth does not establish normalised owner-cash value at the snapshot premium. The bull establishes operating quality after separating refunds, preventing a deterioration-based sell ruling. A simple $1.91 quarterly EPS adjustment is not a complete normalised growth comparison.",
    "winning_side": "bear",
    "strongest_counterexample": "Revenue grew 16% across products and geographies with record quarterly CFO; tariff refunds do not account for this broad demand expansion.",
    "invalidation_conditions": [
      "A complete comparable earnings/cash bridge excluding the $0.11 EPS and approximately two-point gross-margin refund effects shows positive normalised earnings growth and positive cash after capex/debt service, resolving the key operating-to-owner-cash gap.",
      "A subsequent comparable revenue growth rate at or below zero would invalidate the retained broad-demand expansion premise."
    ],
    "evidence_gaps": [
      "Complete normalised year-on-year EPS/gross-margin comparison.",
      "Debt, post-capex cash and owner-cash yield.",
      "Matched valuation and persistence of product/geographic growth."
    ],
    "decisive_factors": [
      "38.17x vendor reference lacks normalised fair-value support.",
      "Tariff effects inflate headline EPS and gross margin.",
      "Slowing MACD and weak volume show consolidation rather than fresh entry confirmation."
    ]
  },
  "agent_signal_breakdown": {
    "fundamentals": "neutral",
    "sentiment": "buy",
    "technical": "neutral",
    "macro": "neutral"
  },
  "synthesized_signal": "neutral",
  "signal_gate_reasons": [],
  "pipeline_mode": "in-session"
}

synced to Supabase: analysis_runs/8f863cc1-1acd-4ac3-a339-58ca6bc6196a
