{
  "ticker": "MSFT",
  "date": "2026-10-07",
  "data_as_of": "2026-10-06",
  "overall_signal": "neutral",
  "conviction": {
    "score": 0.0,
    "signal_convergence": 0.5,
    "explanation": "Medium evidence confidence. The bull carries consolidated operating merit because matched revenue and operating-income growth rebuts generalised deterioration. Neutral separates that merit from unknown post-infrastructure cash and normalised entry value. Cloud gross-margin pressure remains independent counterevidence against assuming stable incremental capacity returns. Conviction describes the current evidence, not a calibrated win rate; outcome memory has no observations."
  },
  "executive_summary": "Microsoft's matched 18% revenue and operating-income growth, Azure expansion and substantial operating margin provide a strong realised business foundation. Cloud gross margin declined amid infrastructure and mix changes, and investment/discrete EPS benefits require normalisation; revenue growth does not by itself settle returns on added capacity. Maintain observation; the evidence does not yet establish a directional new-position advantage.\n\nThe uptrend is clear above both major averages with positive MACD and strong 60-bar performance. Overbought RSI and a close beyond the upper band, without above-average volume, limit confidence in adding at the current extension. Microsoft has a favorable broad technology demand backdrop, with offsetting rate and infrastructure-cost pressure. The macro layer is neutral because returns on company-specific investment are outside this evidence. The bull carries consolidated operating merit because matched revenue and operating-income growth rebuts generalised deterioration. Neutral separates that merit from unknown post-infrastructure cash and normalised entry value. Cloud gross-margin pressure remains independent counterevidence against assuming stable incremental capacity returns. Strongest counterweight considered: Cloud gross margin declined with infrastructure and mix, while debt/FCF are unextracted and RSI above76 accompanies upper-band extension; consolidated earnings do not establish marginal cloud cash returns.",
  "bull_case": "Microsoft has matched 18% consolidated revenue and operating-income growth. Round two distinguishes this strong group profitability from cloud gross-margin compression, preserving a narrower profitability thesis while leaving incremental capacity returns unverified.",
  "bear_case": "The bear accepts group growth but retains cloud infrastructure/mix pressure, EPS normalisation and missing debt/FCF. The extended chart and 29.26x vendor multiple do not bridge strong results to owner-cash purchase value.",
  "key_uncertainties": [
    "Incremental cloud-unit economics and post-infrastructure cash.",
    "Debt, FCF and funding of shareholder distributions.",
    "EPS normalisation excluding investment/discrete items and matched valuation.",
    "Incremental cloud capacity economics and post-infrastructure cash.",
    "Debt, FCF and per-share funding of shareholder distributions.",
    "Normalised valuation and entry conditions during technical extension.",
    "Vendor financial statements lack verified fiscal/availability timing; vendor forward P/E is an estimate, and a matched normalised fair-value model is unavailable."
  ],
  "catalysts_upcoming": [
    "Next comparable issuer disclosure, date unavailable here: A subsequent comparable quarter reports operating-income growth below revenue growth, with operating margin below the observed45.11%, invalidating the retained matched-growth profitability premise.",
    "Reassessment trigger rather than a forecast: A matched infrastructure cash bridge shows post-investment cash at or below zero while cash-funded obligations exceed available resources, defeating a funded-growth extension of the thesis."
  ],
  "risk_assessment": {
    "correlation_notes": [
      "Sector: Technology \u2014 use sector-specific catalysts and risks in the thesis."
    ],
    "max_drawdown_scenario": "Historical max drawdown: 37.1% over available price history. Projected worst case (2-sigma): ~79.7% from current $529.30.",
    "risk_reward_ratio": null
  },
  "action_plan": {
    "entry_limit": null,
    "entry_rationale": null,
    "stop_loss": null,
    "stop_rationale": null,
    "take_profit_1": null,
    "take_profit_2": null,
    "target_rationale": null,
    "horizon": "swing (2-8 weeks)",
    "note": "Signal too mixed for precise levels (conviction +0.00, convergence 0.50). Wait for a clearer setup."
  },
  "research_verdict": {
    "ticker": "MSFT",
    "judged_view": "neutral",
    "confidence": "medium",
    "thesis": "The bull carries consolidated operating merit because matched revenue and operating-income growth rebuts generalised deterioration. Neutral separates that merit from unknown post-infrastructure cash and normalised entry value. Cloud gross-margin pressure remains independent counterevidence against assuming stable incremental capacity returns.",
    "winning_side": "bull",
    "strongest_counterexample": "Cloud gross margin declined with infrastructure and mix, while debt/FCF are unextracted and RSI above76 accompanies upper-band extension; consolidated earnings do not establish marginal cloud cash returns.",
    "invalidation_conditions": [
      "A subsequent comparable quarter reports operating-income growth below revenue growth, with operating margin below the observed45.11%, invalidating the retained matched-growth profitability premise.",
      "A matched infrastructure cash bridge shows post-investment cash at or below zero while cash-funded obligations exceed available resources, defeating a funded-growth extension of the thesis."
    ],
    "evidence_gaps": [
      "Incremental cloud-unit economics and post-infrastructure cash.",
      "Debt, FCF and funding of shareholder distributions.",
      "EPS normalisation excluding investment/discrete items and matched valuation."
    ],
    "decisive_factors": [
      "Revenue and operating income both +18%.",
      "Azure +43% and cloud +27% are realised revenue growth.",
      "Group operating income and cloud gross margin are different measures; EPS benefits need normalisation."
    ]
  },
  "agent_signal_breakdown": {
    "fundamentals": "buy",
    "sentiment": "buy",
    "technical": "neutral",
    "macro": "neutral"
  },
  "synthesized_signal": "neutral",
  "signal_gate_reasons": [],
  "pipeline_mode": "in-session"
}

synced to Supabase: analysis_runs/f26d523c-c13f-47b7-82a6-ae80d0afee41
