{
  "ticker": "0097",
  "date": "2026-10-07",
  "data_as_of": "2026-10-06",
  "overall_signal": "neutral",
  "conviction": {
    "score": 0.0,
    "signal_convergence": 0.4545,
    "explanation": "93.83x trailing/55.86x forecast earnings combined with shrinking CFO and negative H1 FCF creates unfavorable entry compensation despite exceptional demand growth. Net cash limits funding stress; RSI near 89 adds chase risk without predicting reversal."
  },
  "executive_summary": "ViTrox\u2019s recovery is real: Q2 revenue grew 104.8%, attributable profit 202.3%, and net cash was RM286.722m excluding minimal leases. This provides execution runway for a rapidly expanding operating business.\n\nAt 93.83x trailing earnings, however, cash conversion matters acutely. H1 CFO fell to RM24.163m from RM74.190m and FCF was negative RM15.766m as inventory and receivables expanded. Tax incentives qualify profit recurrence; the extended chart increases entry sensitivity. Sell reflects valuation and observed conversion deterioration, rather than funding distress or an assumed demand collapse.",
  "bull_case": "Collections and inventory conversion of actual demand could rapidly expand cash earnings, supported by net cash and a favorable sector backdrop.",
  "bear_case": "A partial growth or collection disappointment could compress an exceptionally high multiple; liquidity protects business funding more than the purchase price.",
  "key_uncertainties": [
    "Conversion of enlarged receivables and inventory.",
    "Persistence of tax-supported profitability and customer demand.",
    "No reversal is established by overbought RSI."
  ],
  "catalysts_upcoming": [
    "Comparable H1 CFO exceeding the prior RM74.190m with positive FCF would weaken the conversion objection.",
    "Continued revenue growth with receivables stabilizing relative to sales would support cash-backed execution."
  ],
  "risk_assessment": {
    "correlation_notes": [
      "Low beta (0.70) \u2014 historically less sensitive to broad-market moves.",
      "Sector: Technology \u2014 use sector-specific catalysts and risks in the thesis."
    ],
    "max_drawdown_scenario": "Historical max drawdown: 78.7% over available price history. Projected worst case (2-sigma): ~72.3% from current $11.10.",
    "risk_reward_ratio": null
  },
  "action_plan": {
    "entry_limit": null,
    "entry_rationale": null,
    "stop_loss": null,
    "stop_rationale": null,
    "take_profit_1": null,
    "take_profit_2": null,
    "target_rationale": null,
    "horizon": "swing (2-8 weeks)",
    "note": "Signal too mixed for precise levels (conviction +0.00, convergence 0.45). Wait for a clearer setup."
  },
  "research_verdict": {
    "ticker": "0097",
    "judged_view": "sell",
    "confidence": "medium",
    "thesis": "ViTrox has spectacular reported demand growth, but the bear establishes an unfavorable valuation/conversion combination at 93.83x trailing and estimated 55.86x forward earnings. H1 CFO fell to RM24.163m despite surging profit, leaving negative RM15.766m FCF and larger inventories/receivables. Net cash protects execution feasibility more directly than shareholder returns from a compressed growth premium.",
    "winning_side": "bear",
    "strongest_counterexample": "Q2 revenue grew 104.8% and profit 202.3%, while RM286.722m net cash excluding leases gives the company a real buffer to convert working capital into collected earnings without immediate borrowing.",
    "invalidation_conditions": [
      "Comparable H1 CFO above the prior RM74.190m and positive FCF, with receivables no higher than RM527.137m, would weaken the cash-conversion basis for sell.",
      "A later comparable period delivering positive FCF and year-on-year revenue growth above the present 104.8% quarterly rate would require reassessing whether earnings growth is catching up with the premium."
    ],
    "evidence_gaps": [],
    "decisive_factors": [
      "Cash conversion deteriorated rather than merely lacking future certainty.",
      "Tax incentives qualify profit recurrence; overbought technicals add timing risk without proving reversal."
    ]
  },
  "agent_signal_breakdown": {
    "fundamentals": "sell",
    "sentiment": "buy",
    "technical": "neutral",
    "macro": "buy"
  },
  "synthesized_signal": "sell",
  "signal_gate_reasons": [
    "synthesis_actionability_gate_failed"
  ],
  "pipeline_mode": "in-session"
}

synced to Supabase: analysis_runs/ecfa5998-3bd5-429f-9cd1-97ead6213bf7
