{
  "ticker": "NFLX",
  "date": "2026-10-07",
  "data_as_of": "2026-10-06",
  "overall_signal": "neutral",
  "conviction": {
    "score": 0.0,
    "signal_convergence": 0.5,
    "explanation": "13% revenue growth,33.4% operating margin and positive Q2 cash after actual content spend support ownership at 18.04x forecast earnings. Declining FCF/margin, fee-distorted annual metrics and a weak chart meaningfully restrain conviction despite manageable net debt."
  },
  "executive_summary": "Netflix supports a patient operating-and-cash purchase: revenue grew 13%, operating margin was 33.4% and Q2 FCF$1.525bn after actual content spending and capex. Approximately$5.244bn net debt is manageable against the observed profitable base; the$2.8bn termination fee lies outside operating income.\n\nFCF fell from$2.267bn and margin from 34.1%, while buybacks exceeded quarterly cash. Future content commitments of$25.107bn remain important without being deducted again from current cash or all treated as debt. The 18.04x forward estimate is conditional, fee-enhanced annual earnings/cash are not fully recurring, and the downtrend confirms no bottom.",
  "bull_case": "Continued content monetization can deliver profitable growth and positive cash after real spending, with manageable financial leverage.",
  "bear_case": "Content costs, slower conversion and excessive repurchases could reduce owner returns; fee-enhanced valuation can overstate cheapness.",
  "key_uncertainties": [
    "Fee-associated cash-tax timing prevents exact recurring H1 normalization.",
    "Content returns and future commitments.",
    "Repurchase restraint is prospective rather than announced."
  ],
  "catalysts_upcoming": [
    "Comparable quarterly FCF recovery with sustained revenue growth and margin would strengthen recurring conversion.",
    "Capital-return disclosure aligning buybacks with internally generated cash would improve funding discipline."
  ],
  "risk_assessment": {
    "correlation_notes": [
      "High beta (1.61) \u2014 price may amplify broad-market moves.",
      "Sector: Communication Services \u2014 use sector-specific catalysts and risks in the thesis."
    ],
    "max_drawdown_scenario": "Historical max drawdown: 75.9% over available price history. Projected worst case (2-sigma): ~70.3% from current $68.69.",
    "risk_reward_ratio": null
  },
  "action_plan": {
    "entry_limit": null,
    "entry_rationale": null,
    "stop_loss": null,
    "stop_rationale": null,
    "take_profit_1": null,
    "take_profit_2": null,
    "target_rationale": null,
    "horizon": "swing (2-8 weeks)",
    "note": "Signal too mixed for precise levels (conviction +0.00, convergence 0.50). Wait for a clearer setup."
  },
  "research_verdict": {
    "ticker": "NFLX",
    "judged_view": "buy",
    "confidence": "medium",
    "thesis": "Netflix has an operating-and-cash ownership case at an estimated 18.04x forward reference, with 13% revenue growth, 33.4% operating margin and $1.525bn Q2 FCF. The bull establishes that positive cash already follows $5.109bn content spending, preventing future commitments from being charged again to the current cash measure. Manageable stated net debt supports the case, while lower cash conversion and fee-enhanced headline valuation limit conviction.",
    "winning_side": "bull",
    "strongest_counterexample": "Q2 FCF fell from $2.267bn and margin from 34.1%; $25.107bn future content commitments and repurchases above quarterly FCF increase return sensitivity, while the $2.8bn fee prevents treating annual cash or trailing earnings as wholly recurring.",
    "invalidation_conditions": [
      "Comparable Q2 FCF at or below zero after actual content spend and capex would invalidate demonstrated owner-cash generation.",
      "Two consecutive quarters of year-on-year revenue decline with operating margin below 33.4% would falsify the profitable-growth thesis."
    ],
    "evidence_gaps": [
      "Exact cash-tax allocation associated with the termination fee is unavailable in the envelope, preventing an exact after-tax recurring H1 cash normalization."
    ],
    "decisive_factors": [
      "The termination fee is outside operating income and does not carry the recurring operating thesis.",
      "Content costs already enter current cash; future commitments remain economically material without becoming all current debt."
    ]
  },
  "agent_signal_breakdown": {
    "fundamentals": "buy",
    "sentiment": "buy",
    "technical": "sell",
    "macro": "neutral"
  },
  "synthesized_signal": "buy",
  "signal_gate_reasons": [
    "synthesis_actionability_gate_failed"
  ],
  "pipeline_mode": "in-session"
}

synced to Supabase: analysis_runs/f8b3516b-e37c-4b58-a08b-16c24a8b49a6
