{
  "ticker": "META",
  "date": "2026-10-07",
  "data_as_of": "2026-10-06",
  "overall_signal": "neutral",
  "conviction": {
    "score": 0.0,
    "signal_convergence": 0.0,
    "explanation": "Medium evidence confidence. The bear carries the present cash-conversion objection: ad demand growth has not overcome near-total capex absorption and weaker earnings. Identified charges qualify recurrence but cannot establish infrastructure returns. Neutral retains the verified monetisation engine and avoids assuming costs persist unchanged or that the recovery has already occurred. Conviction describes the current evidence, not a calibrated win rate; outcome memory has no observations."
  },
  "executive_summary": "Meta's ad-impression and pricing growth support 28% revenue growth, but expenses rose 55%, operating margin fell and CFO barely exceeded capital expenditure, leaving $784m FCF. Legal and severance charges qualify recurring comparisons without establishing future cash recovery or productive infrastructure returns. Maintain observation; the evidence does not yet establish a directional new-position advantage.\n\nPrice remains well above both major averages after a sharp 20-bar advance, but the negative MACD histogram indicates slowing momentum. Flat five-bar returns and volume at only 0.54 times average favor consolidation over a confirmed new breakout. Meta receives broad support from resilient advertiser end-demand, balanced by inflation and investment return hurdles. Macro evidence alone does not prove advertising monetization or AI capex efficiency. The bear carries the present cash-conversion objection: ad demand growth has not overcome near-total capex absorption and weaker earnings. Identified charges qualify recurrence but cannot establish infrastructure returns. Neutral retains the verified monetisation engine and avoids assuming costs persist unchanged or that the recovery has already occurred. Strongest counterweight considered: Impressions grew14% and price/ad12%, supporting revenue growth28%; identified $2.4bn legal and $1.18bn severance charges make the reported margin decline an incomplete recurring comparison.",
  "bull_case": "Meta has simultaneous impression and ad-price growth, supporting a genuine demand engine. Round two notes known legal/severance charges qualify the recurring-margin comparison while retaining recovery optionality subject to materially better cash after capex.",
  "bear_case": "The bear accepts the need for a cost bridge but stresses only $784m FCF after $31.08bn capex. Removing charges does not establish infrastructure returns, and cash versus long-term debt excludes leases.",
  "key_uncertainties": [
    "Full recurring-cost/margin bridge.",
    "Infrastructure returns, repeatable post-capex cash and lease-inclusive obligations.",
    "Valuation of the recovery scenario.",
    "Full recurring cost and margin bridge.",
    "Infrastructure returns and repeatable post-capex cash.",
    "Lease-inclusive obligations and valuation of the cash-recovery scenario.",
    "Vendor financial statements lack verified fiscal/availability timing; vendor forward P/E is an estimate, and a matched normalised fair-value model is unavailable."
  ],
  "catalysts_upcoming": [
    "Next comparable issuer disclosure, date unavailable here: A subsequent comparable quarter reports FCF above the observed $784m and positive normalised operating-income growth after a complete cost bridge, reversing the current conversion objection.",
    "Reassessment trigger rather than a forecast: Ad impressions growth and pricing growth both at or below zero in a comparable quarter would defeat the retained demand-engine counterweight."
  ],
  "risk_assessment": {
    "correlation_notes": [
      "Sector: Communication Services \u2014 use sector-specific catalysts and risks in the thesis."
    ],
    "max_drawdown_scenario": "Historical max drawdown: 76.7% over available price history. Projected worst case (2-sigma): ~91.8% from current $738.88.",
    "risk_reward_ratio": null
  },
  "action_plan": {
    "entry_limit": null,
    "entry_rationale": null,
    "stop_loss": null,
    "stop_rationale": null,
    "take_profit_1": null,
    "take_profit_2": null,
    "target_rationale": null,
    "horizon": "swing (2-8 weeks)",
    "note": "Signal too mixed for precise levels (conviction +0.00, convergence 0.00). Wait for a clearer setup."
  },
  "research_verdict": {
    "ticker": "META",
    "judged_view": "neutral",
    "confidence": "medium",
    "thesis": "The bear carries the present cash-conversion objection: ad demand growth has not overcome near-total capex absorption and weaker earnings. Identified charges qualify recurrence but cannot establish infrastructure returns. Neutral retains the verified monetisation engine and avoids assuming costs persist unchanged or that the recovery has already occurred.",
    "winning_side": "bear",
    "strongest_counterexample": "Impressions grew14% and price/ad12%, supporting revenue growth28%; identified $2.4bn legal and $1.18bn severance charges make the reported margin decline an incomplete recurring comparison.",
    "invalidation_conditions": [
      "A subsequent comparable quarter reports FCF above the observed $784m and positive normalised operating-income growth after a complete cost bridge, reversing the current conversion objection.",
      "Ad impressions growth and pricing growth both at or below zero in a comparable quarter would defeat the retained demand-engine counterweight."
    ],
    "evidence_gaps": [
      "Full recurring-cost/margin bridge.",
      "Infrastructure returns, repeatable post-capex cash and lease-inclusive obligations.",
      "Valuation of the recovery scenario."
    ],
    "decisive_factors": [
      "Expenses +55%, operating profit -8%, net income -14%.",
      "CFO $31.86bn versus capex $31.08bn leaves $784m FCF.",
      "Known charges do not remove capex absorption; slowing MACD after a sharp rally."
    ]
  },
  "agent_signal_breakdown": {
    "fundamentals": "neutral",
    "sentiment": "neutral",
    "technical": "neutral",
    "macro": "neutral"
  },
  "synthesized_signal": "neutral",
  "signal_gate_reasons": [],
  "pipeline_mode": "in-session"
}

synced to Supabase: analysis_runs/718a9813-8c52-4fb4-b8eb-79e86fa1aa21
