{
  "ticker": "1155",
  "date": "2026-10-07",
  "data_as_of": "2026-10-06",
  "overall_signal": "neutral",
  "conviction": {
    "score": 0.0,
    "signal_convergence": 0.25,
    "explanation": "Stable distributable earnings, measured bank capital and 6.2% reported income compensation outweigh modest credit deterioration for an income horizon. Falling operating income and a confirmed downtrend keep the positive score restrained; this is not a near-term price-recovery claim."
  },
  "executive_summary": "Maybank supports a measured income purchase: H1 profit was nearly stable, the interim dividend increased to 31 sen, and disclosed CET1 was 15.657% before that dividend deduction. At 11.51x trailing earnings and a vendor-reported 6.2% yield, the return proposition does not require fast earnings growth.\n\nOperating income fell and gross impaired loans rose, although net impairment changed only from 0.79% to 0.80%. Below-average trend levels and negative momentum argue for patience. Stable BNM policy supports neither guaranteed margin expansion nor a recovery forecast.",
  "bull_case": "Stable profit, cost restraint and disclosed capital can sustain income distributions without multiple expansion.",
  "bear_case": "Revenue erosion and higher credit charges could weaken both earnings and capital after distributions; the weak chart adds near-term downside.",
  "key_uncertainties": [
    "Capital after the proposed dividend deduction.",
    "Persistence of cost savings and gross-credit deterioration.",
    "Reported yield is not a guaranteed future payout."
  ],
  "catalysts_upcoming": [
    "Next bank results: operating-income stabilization with contained net impairment would strengthen income durability.",
    "Next dividend and post-distribution capital disclosure: maintained payout with resilient CET1 would support the thesis."
  ],
  "risk_assessment": {
    "correlation_notes": [
      "Low beta (0.10) \u2014 historically less sensitive to broad-market moves.",
      "Sector: Financial Services \u2014 use sector-specific catalysts and risks in the thesis."
    ],
    "max_drawdown_scenario": "Historical max drawdown: 26.5% over available price history. Projected worst case (2-sigma): ~20.5% from current $9.97.",
    "risk_reward_ratio": null
  },
  "action_plan": {
    "entry_limit": null,
    "entry_rationale": null,
    "stop_loss": null,
    "stop_rationale": null,
    "take_profit_1": null,
    "take_profit_2": null,
    "target_rationale": null,
    "horizon": "swing (2-8 weeks)",
    "note": "Signal too mixed for precise levels (conviction +0.00, convergence 0.25). Wait for a clearer setup."
  },
  "research_verdict": {
    "ticker": "1155",
    "judged_view": "buy",
    "confidence": "medium",
    "thesis": "Maybank offers a defensible income return at 11.51x trailing earnings and a vendor-reported 6.2% yield, supported by nearly stable H1 profit and 15.657% CET1. The bull establishes measured distribution capacity without requiring earnings acceleration; declining income and rising gross impairment limit conviction but do not yet outweigh that compensation.",
    "winning_side": "bull",
    "strongest_counterexample": "Net operating income fell to RM14.611bn from RM15.397bn, gross impaired loans rose to RM9.362bn, and both capital ratios declined before the proposed dividend deduction; cost restraint may not indefinitely protect payout capacity.",
    "invalidation_conditions": [
      "Reassess if the next comparable H1 attributable profit falls below RM5.171bn while net impaired loans exceed the observed 0.80% ratio.",
      "Reassess if the next declared first interim dividend is below the observed 31 sen and post-distribution CET1 falls below 15.657%; compare capital on a consistent dividend basis."
    ],
    "evidence_gaps": [],
    "decisive_factors": [
      "Stable H1 earnings and an increased declared interim payout support income ownership.",
      "Capital is quantified and qualified for the dividend deduction; weak technicals affect entry timing rather than erase the income case."
    ]
  },
  "agent_signal_breakdown": {
    "fundamentals": "buy",
    "sentiment": "neutral",
    "technical": "sell",
    "macro": "neutral"
  },
  "synthesized_signal": "buy",
  "signal_gate_reasons": [
    "synthesis_actionability_gate_failed"
  ],
  "pipeline_mode": "in-session"
}

synced to Supabase: analysis_runs/ad003583-0c1e-471c-9bc0-d248a18cb9a9
