{
  "ticker": "ETN",
  "date": "2026-10-07",
  "data_as_of": "2026-10-06",
  "overall_signal": "neutral",
  "conviction": {
    "score": 0.0,
    "signal_convergence": 0.5,
    "explanation": "Medium evidence confidence. Realised cash growth and margin compression are independent facts with no matched bridge proving which dominates future shareholder returns. Both cases depend on unverified acquisition funding and normalisation, so neither establishes entry value. Backlog and organic demand support opportunity, while the extended chart limits immediate timing conviction. Conviction describes the current evidence, not a calibrated win rate; outcome memory has no observations."
  },
  "executive_summary": "Eaton delivered 14% organic sales growth, 43% electrical-backlog growth and $874m FCF, while segment margin fell 80bp. Demand visibility and realised cash are positives, but adjustment-heavy earnings, post-acquisition funding and profitable backlog conversion still qualify the premium valuation. Maintain observation; the evidence does not yet establish a directional new-position advantage.\n\nBoth major averages and positive MACD support an uptrend, but RSI above 80 and sub-average turnover weaken the case for a fresh momentum entry. The upper half of a wide Bollinger range describes extension and volatility without independently confirming a reversal. Eaton has a positive inferred electrical infrastructure demand backdrop from observed investment strength. Costs and financing sensitivity temper the signal, and the macro snapshot does not quantify incremental data-center orders. Realised cash growth and margin compression are independent facts with no matched bridge proving which dominates future shareholder returns. Both cases depend on unverified acquisition funding and normalisation, so neither establishes entry value. Backlog and organic demand support opportunity, while the extended chart limits immediate timing conviction. Strongest counterweight considered: Organic sales grew 14%, electrical backlog 43%, and FCF 22% to $874m, giving demand and actual cash support beyond a backlog-only narrative.",
  "bull_case": "Eaton has organic sales and backlog growth plus higher realised FCF. Round two uses cash as a counterweight to segment margin compression without calling it a matched organic cash-margin measure, preserving conditional funded-execution upside.",
  "bear_case": "The bear accepts improved cash but retains the 80bp segment-margin decline, adjusted/GAAP EPS gap and unverified acquisition leverage. Guidance and extended technicals do not establish value at the snapshot premium.",
  "key_uncertainties": [
    "Acquisition debt and transaction/restructuring adjustments.",
    "Matched organic cash conversion and backlog returns.",
    "Normalised valuation and guidance delivery.",
    "Post-acquisition debt and transaction/restructuring normalisation.",
    "Profitable backlog conversion with stable margins.",
    "Matched valuation and delivery of guidance without chasing extension.",
    "Vendor financial statements lack verified fiscal/availability timing; vendor forward P/E is an estimate, and a matched normalised fair-value model is unavailable."
  ],
  "catalysts_upcoming": [
    "Next comparable issuer disclosure, date unavailable here: A subsequent comparable quarter restores segment margin to at least 23.9% (derived prior-year 23.1% plus disclosed 80bp) while FCF stays above zero and acquisition obligations are reconciled, removing the principal conversion/funding conflict.",
    "Reassessment trigger rather than a forecast: A subsequent comparable FCF result at or below zero alongside segment margin below 23.1% would invalidate the retained funded-growth counterweight."
  ],
  "risk_assessment": {
    "correlation_notes": [
      "Sector: Industrials \u2014 use sector-specific catalysts and risks in the thesis."
    ],
    "max_drawdown_scenario": "Historical max drawdown: 44.6% over available price history. Projected worst case (2-sigma): ~87.4% from current $445.09.",
    "risk_reward_ratio": null
  },
  "action_plan": {
    "entry_limit": null,
    "entry_rationale": null,
    "stop_loss": null,
    "stop_rationale": null,
    "take_profit_1": null,
    "take_profit_2": null,
    "target_rationale": null,
    "horizon": "swing (2-8 weeks)",
    "note": "Signal too mixed for precise levels (conviction +0.00, convergence 0.50). Wait for a clearer setup."
  },
  "research_verdict": {
    "ticker": "ETN",
    "judged_view": "neutral",
    "confidence": "medium",
    "thesis": "Realised cash growth and margin compression are independent facts with no matched bridge proving which dominates future shareholder returns. Both cases depend on unverified acquisition funding and normalisation, so neither establishes entry value. Backlog and organic demand support opportunity, while the extended chart limits immediate timing conviction.",
    "winning_side": "neither",
    "strongest_counterexample": "Organic sales grew 14%, electrical backlog 43%, and FCF 22% to $874m, giving demand and actual cash support beyond a backlog-only narrative.",
    "invalidation_conditions": [
      "A subsequent comparable quarter restores segment margin to at least 23.9% (derived prior-year 23.1% plus disclosed 80bp) while FCF stays above zero and acquisition obligations are reconciled, removing the principal conversion/funding conflict.",
      "A subsequent comparable FCF result at or below zero alongside segment margin below 23.1% would invalidate the retained funded-growth counterweight."
    ],
    "evidence_gaps": [
      "Acquisition debt and transaction/restructuring adjustments.",
      "Matched organic cash conversion and backlog returns.",
      "Normalised valuation and guidance delivery."
    ],
    "decisive_factors": [
      "Segment margin down80bp to23.1%.",
      "Adjusted EPS $3.15 versus GAAP $2.11.",
      "Reported FCF growth is not a matched organic cash-margin comparison; RSI80.5096."
    ]
  },
  "agent_signal_breakdown": {
    "fundamentals": "neutral",
    "sentiment": "buy",
    "technical": "neutral",
    "macro": "buy"
  },
  "synthesized_signal": "neutral",
  "signal_gate_reasons": [],
  "pipeline_mode": "in-session"
}

synced to Supabase: analysis_runs/9f5d4fe3-f534-4ba9-bd07-8a032368edce
