{
  "ticker": "0097",
  "date": "2026-10-07",
  "data_as_of": "2026-10-06",
  "overall_signal": "neutral",
  "conviction": {
    "score": 0.0,
    "signal_convergence": 0.4545,
    "explanation": "Medium evidence confidence. The bear carries the present-entry argument: verified growth has not supplied self-funded expansion or a normalised valuation supporting the premium. This is neutral rather than sell because liquidity and rapid demand growth are substantial counterevidence, and neither failure nor reversal is observed. Conviction describes the current evidence, not a calibrated win rate; outcome memory has no observations."
  },
  "executive_summary": "ViTrox combines exceptionally rapid observed demand growth with an investment-funding shortfall: Q2 revenue grew 104.8% and attributable profit 202.3%, while H1 CFO less PP&E was negative RM15.766m. Cash exceeds disclosed borrowings, providing runway rather than proof of adequate investment returns. Maintain observation; the evidence does not yet establish a directional new-position advantage.\n\nThe uptrend is strong and volume modestly confirms the move, but RSI near 89 and a close beyond the upper band leave little evidence of an orderly entry. At the observed 52-week high, continuation is possible; overbought readings alone do not establish a reversal. Verified tech demand creates a favorable sector backdrop for ViTrox, with medium confidence in the macro transmission. Order conversion, valuation and customer concentration still require the other analyst layers. The bear carries the present-entry argument: verified growth has not supplied self-funded expansion or a normalised valuation supporting the premium. This is neutral rather than sell because liquidity and rapid demand growth are substantial counterevidence, and neither failure nor reversal is observed.",
  "bull_case": "ViTrox has verified rapid revenue and earnings expansion, supported by cash exceeding disclosed borrowings. Round two narrows the thesis to continued demand converting investment and working capital into cash returns; the liquidity buffer can fund a shortfall without proving investment success. Strongest disconfirming evidence to caution: Q2 revenue rose 104.8% and attributable profit 202.3%, while RM368.960m cash equivalents exceed RM82.238m borrowings; genuine growth and liquidity could support the investment ramp.",
  "bear_case": "H1 CFO did not cover PP&E, tax incentives qualify recurring earnings and the vendor multiple and extended chart create a demanding purchase hurdle. Round two accepts that demand has not failed but distinguishes funding runway from adequate investment returns.",
  "key_uncertainties": [
    "Tax-normalised recurring earnings and investment/working-capital returns.",
    "Matched valuation and sustainable post-investment cash; undated vendor statements cannot establish trends.",
    "Repeatability of demand and tax-normalised earnings.",
    "Working-capital conversion and returns on added capacity.",
    "Matched valuation sufficient to compensate for the premium; vendor statements are undated.",
    "Vendor financial statements lack verified fiscal/availability timing; vendor forward P/E is an estimate, and a matched normalised fair-value model is unavailable."
  ],
  "catalysts_upcoming": [
    "Next comparable issuer disclosure, date unavailable here: A subsequent comparable half-year reports CFO less PP&E purchases above zero, alongside positive year-on-year revenue and tax-normalised earnings growth, removing the observed cash-conversion obstacle.",
    "Reassessment trigger rather than a forecast: Conversely, subsequent comparable revenue or tax-normalised earnings growth at or below zero while CFO less PP&E remains negative would defeat the retained growth option."
  ],
  "risk_assessment": {
    "correlation_notes": [
      "Low beta (0.70) \u2014 historically less sensitive to broad-market moves.",
      "Sector: Technology \u2014 use sector-specific catalysts and risks in the thesis."
    ],
    "max_drawdown_scenario": "Historical max drawdown: 78.7% over available price history. Projected worst case (2-sigma): ~72.3% from current $11.10.",
    "risk_reward_ratio": null
  },
  "action_plan": {
    "entry_limit": null,
    "entry_rationale": null,
    "stop_loss": null,
    "stop_rationale": null,
    "take_profit_1": null,
    "take_profit_2": null,
    "target_rationale": null,
    "horizon": "swing (2-8 weeks)",
    "note": "Signal too mixed for precise levels (conviction +0.00, convergence 0.45). Wait for a clearer setup."
  },
  "research_verdict": {
    "ticker": "0097",
    "judged_view": "neutral",
    "confidence": "medium",
    "thesis": "The bear carries the present-entry argument: verified growth has not supplied self-funded expansion or a normalised valuation supporting the premium. This is neutral rather than sell because liquidity and rapid demand growth are substantial counterevidence, and neither failure nor reversal is observed.",
    "winning_side": "bear",
    "strongest_counterexample": "Q2 revenue rose 104.8% and attributable profit 202.3%, while RM368.960m cash equivalents exceed RM82.238m borrowings; genuine growth and liquidity could support the investment ramp.",
    "invalidation_conditions": [
      "A subsequent comparable half-year reports CFO less PP&E purchases above zero, alongside positive year-on-year revenue and tax-normalised earnings growth, removing the observed cash-conversion obstacle.",
      "Conversely, subsequent comparable revenue or tax-normalised earnings growth at or below zero while CFO less PP&E remains negative would defeat the retained growth option."
    ],
    "evidence_gaps": [
      "Tax-normalised recurring earnings and investment/working-capital returns.",
      "Matched valuation and sustainable post-investment cash; undated vendor statements cannot establish trends."
    ],
    "decisive_factors": [
      "H1 derived FCF -RM15.766m.",
      "93.83x vendor trailing reference has no matched fair-value support.",
      "RSI 89.3701 and upper-band extension limit entry confidence without predicting reversal."
    ]
  },
  "agent_signal_breakdown": {
    "fundamentals": "neutral",
    "sentiment": "buy",
    "technical": "neutral",
    "macro": "buy"
  },
  "synthesized_signal": "neutral",
  "signal_gate_reasons": [],
  "pipeline_mode": "in-session"
}

synced to Supabase: analysis_runs/e48b8858-f32c-4e6f-8bf7-f294365d4835
