{
  "ticker": "6947",
  "date": "2026-10-07",
  "data_as_of": "2026-10-06",
  "overall_signal": "neutral",
  "conviction": {
    "score": 0.0,
    "signal_convergence": 0.25,
    "explanation": "Medium evidence confidence. The bear carries the current-turnaround objection because savings and fibre growth have not outweighed lower quarterly EBIT and higher finance costs. Neutral recognizes modest H1 operating resilience and delivered savings without declaring the franchise impaired. A group recovery must show earnings conversion and funded cash after those pressures. Conviction describes the current evidence, not a calibrated win rate; outcome memory has no observations."
  },
  "executive_summary": "CelcomDigi delivered RM141m operating savings and strong Home & Fibre growth while maintaining slightly positive H1 EBIT growth. Q2 PAT nevertheless fell 7.7% amid lower EBIT and higher finance costs. The levers are real, but their group earnings contribution has not demonstrated a turnaround. Maintain observation; the evidence does not yet establish a directional new-position advantage.\n\nPrice remains below both major averages near its observed 52-week low, with negative MACD and broadly negative returns. Oversold RSI signals stretched downside conditions but supplies no reversal confirmation, and low turnover limits confidence in a fresh breakdown. CelcomDigi has a stable macro environment for recurring connectivity demand. Network capex, financing and equipment costs prevent a clear macro buy signal without operating evidence. The bear carries the current-turnaround objection because savings and fibre growth have not outweighed lower quarterly EBIT and higher finance costs. Neutral recognizes modest H1 operating resilience and delivered savings without declaring the franchise impaired. A group recovery must show earnings conversion and funded cash after those pressures.",
  "bull_case": "CelcomDigi has observed integration savings, fibre growth and modest H1 service-revenue/EBIT resilience. Round two distinguishes these H1 measures from adverse quarterly PAT and leaves group conversion and financing as conditions for recovery. Strongest disconfirming evidence to caution: RM141m operational savings, 47.2% Home & Fibre growth and H1 EBIT +0.6% establish concrete levers and some operating resilience rather than uniform contraction.",
  "bear_case": "Q2 PAT fell as quarterly EBIT and financing worsened, while prepaid revenue declined. Round two accepts period-specific resilience but stresses that savings and fibre growth have not demonstrated a group earnings turnaround or funding relief.",
  "key_uncertainties": [
    "Incremental recurring group-profit contribution of savings and fibre.",
    "Financing costs, debt maturity profile and cash conversion.",
    "Prepaid stabilisation and matched valuation.",
    "Incremental and recurring group-profit contribution of savings and fibre.",
    "Financing costs, debt maturities and cash conversion.",
    "Prepaid stabilisation and matched valuation for recovery risk.",
    "Vendor financial statements lack verified fiscal/availability timing; vendor forward P/E is an estimate, and a matched normalised fair-value model is unavailable."
  ],
  "catalysts_upcoming": [
    "Next comparable issuer disclosure, date unavailable here: A subsequent comparable quarter reports PAT growth above zero and no increase in net finance costs, with a positive reconciled post-investment cash result, reversing the latest earnings/funding objection.",
    "Reassessment trigger rather than a forecast: A comparable subsequent H1 EBIT decline below zero would defeat the retained H1 operating-resilience counterweight."
  ],
  "risk_assessment": {
    "correlation_notes": [
      "Low beta (0.24) \u2014 historically less sensitive to broad-market moves.",
      "Sector: Communication Services \u2014 use sector-specific catalysts and risks in the thesis."
    ],
    "max_drawdown_scenario": "Historical max drawdown: 37.0% over available price history. Projected worst case (2-sigma): ~44.5% from current $2.53.",
    "risk_reward_ratio": null
  },
  "action_plan": {
    "entry_limit": null,
    "entry_rationale": null,
    "stop_loss": null,
    "stop_rationale": null,
    "take_profit_1": null,
    "take_profit_2": null,
    "target_rationale": null,
    "horizon": "swing (2-8 weeks)",
    "note": "Signal too mixed for precise levels (conviction +0.00, convergence 0.25). Wait for a clearer setup."
  },
  "research_verdict": {
    "ticker": "6947",
    "judged_view": "neutral",
    "confidence": "medium",
    "thesis": "The bear carries the current-turnaround objection because savings and fibre growth have not outweighed lower quarterly EBIT and higher finance costs. Neutral recognizes modest H1 operating resilience and delivered savings without declaring the franchise impaired. A group recovery must show earnings conversion and funded cash after those pressures.",
    "winning_side": "bear",
    "strongest_counterexample": "RM141m operational savings, 47.2% Home & Fibre growth and H1 EBIT +0.6% establish concrete levers and some operating resilience rather than uniform contraction.",
    "invalidation_conditions": [
      "A subsequent comparable quarter reports PAT growth above zero and no increase in net finance costs, with a positive reconciled post-investment cash result, reversing the latest earnings/funding objection.",
      "A comparable subsequent H1 EBIT decline below zero would defeat the retained H1 operating-resilience counterweight."
    ],
    "evidence_gaps": [
      "Incremental recurring group-profit contribution of savings and fibre.",
      "Financing costs, debt maturity profile and cash conversion.",
      "Prepaid stabilisation and matched valuation."
    ],
    "decisive_factors": [
      "Q2 PAT -7.7% from lower EBIT and higher finance costs.",
      "Prepaid revenue -3.2%.",
      "H1 EBIT +0.6% lags service revenue +1.5%; bearish chart has no confirmed reversal."
    ]
  },
  "agent_signal_breakdown": {
    "fundamentals": "neutral",
    "sentiment": "neutral",
    "technical": "sell",
    "macro": "neutral"
  },
  "synthesized_signal": "neutral",
  "signal_gate_reasons": [],
  "pipeline_mode": "in-session"
}

synced to Supabase: analysis_runs/b79815f4-83e1-4ac2-b9f3-b1a2124a5cce
