{
  "ticker": "4197",
  "date": "2026-10-07",
  "data_as_of": "2026-10-06",
  "overall_signal": "buy",
  "conviction": {
    "score": 0.38,
    "signal_convergence": 0.4545,
    "explanation": "9.58x trailing earnings, reported 5.62% yield, actual debt reduction and cash coverage of all specified payouts support measured value/income ownership. The roughly RM53m remaining buffer and reported-profit decline limit conviction; core growth is management-defined."
  },
  "executive_summary": "Sime offers a measured value/income purchase at 9.58x trailing earnings and a reported 5.62% yield. Borrowings fell to RM6.385bn, and the conservative cash bridge covered ordinary, NCI and sukuk distributions. Core profit and ROE improved on management\u2019s defined basis.\n\nOnly about RM53m remained after all specified payouts, while reported profit fell 14.5% and Motors impairments persist. Lower disposal gains explain part of that decline, without removing cyclicality. Stable-core FY27 expectations support restrained income ownership; neither another growth surge nor a fresh price breakout is assumed.",
  "bull_case": "Stable core execution, cash discipline and a modest multiple can sustain income without further rapid growth or rerating.",
  "bear_case": "Cyclical deterioration or added investment could erase thin all-distribution coverage and pressure payouts.",
  "key_uncertainties": [
    "Core/IFRS earnings reconciliation and recurring Motors costs.",
    "Cash headroom after ordinary, NCI and sukuk distributions.",
    "Durability of debt reduction through sector cyclicality."
  ],
  "catalysts_upcoming": [
    "Comparable annual cash covering all specified payouts with further debt reduction would support income durability.",
    "Reported core stability with fewer restructuring impairments would improve recurring earnings confidence."
  ],
  "risk_assessment": {
    "correlation_notes": [
      "Low beta (0.13) \u2014 historically less sensitive to broad-market moves.",
      "Sector: Consumer Cyclical \u2014 use sector-specific catalysts and risks in the thesis."
    ],
    "max_drawdown_scenario": "Historical max drawdown: 48.6% over available price history. Projected worst case (2-sigma): ~56.9% from current $2.48.",
    "risk_reward_ratio": null
  },
  "action_plan": {
    "entry_limit": 2.47,
    "entry_rationale": "Buy-the-dip to SMA-20 support near $2.47",
    "stop_loss": 2.32,
    "stop_rationale": "2x ATR-14 ($0.07) below entry \u2014 invalidates the setup",
    "take_profit_1": 2.53,
    "take_profit_2": 2.85,
    "target_rationale": "TP1 = nearest technical resistance (SMA-200, BB-upper, or 52w high). TP2 = 52w high / +15% stretch. Consider scaling out: sell half at TP1, let the rest ride to TP2.",
    "horizon": "swing (2-8 weeks)",
    "note": null
  },
  "research_verdict": {
    "ticker": "4197",
    "judged_view": "buy",
    "confidence": "medium",
    "thesis": "Sime offers a measured value/income purchase at 9.58x trailing earnings and a reported 5.62% yield. The bull establishes actual debt reduction and cash coverage even after the specified ordinary, NCI and sukuk distributions, without requiring another year of 32.6% core-profit growth. Only about RM53m remains under that conservative bridge, so cash discipline and cyclical exposure limit conviction.",
    "winning_side": "bull",
    "strongest_counterexample": "Reported profit fell 14.5%, Motors impairments remain material, and the approximately RM53m all-distribution surplus leaves little buffer for cyclical weakening or extra investment; management-defined core profit is not IFRS earnings.",
    "invalidation_conditions": [
      "A comparable year with cash after fixed-asset investment, finance costs, leases and all specified distributions below zero would invalidate observed all-payout coverage.",
      "Borrowings above the current RM6.385bn while management-defined core profit falls below RM1.55bn would undermine the funded-income thesis."
    ],
    "evidence_gaps": [],
    "decisive_factors": [
      "Borrowings fell from RM7.122bn to RM6.385bn and the cash bridge covers current payouts.",
      "Lower disposal gains partly explain IFRS weakness; core stability is a restrained outlook rather than guaranteed acceleration."
    ]
  },
  "agent_signal_breakdown": {
    "fundamentals": "buy",
    "sentiment": "buy",
    "technical": "neutral",
    "macro": "neutral"
  },
  "synthesized_signal": "buy",
  "signal_gate_reasons": [],
  "pipeline_mode": "in-session"
}

synced to Supabase: analysis_runs/ab7fe9a9-bfe1-4e01-8455-519458d78664
