{
  "ticker": "1155",
  "date": "2026-10-07",
  "data_as_of": "2026-10-06",
  "overall_signal": "neutral",
  "conviction": {
    "score": 0.0,
    "signal_convergence": 0.25,
    "explanation": "Medium evidence confidence. Small H1 earnings deterioration supports relative resilience, but the income thesis and the bearish capital objection both depend on unextracted bank metrics. Neither demonstrates an adequately valued income purchase or an observed credit impairment. Dividend growth is a distribution fact, not capital validation. Conviction describes the current evidence, not a calibrated win rate; outcome memory has no observations."
  },
  "executive_summary": "Maybank retains a resilient income base: Q2 profit improved and its interim dividend rose to 31 sen, while H1 profit declined approximately 0.9% and revenue weakened. This supports income research rather than an accelerating-growth claim; distributions require bank-specific capital and credit validation. Maintain observation; the evidence does not yet establish a directional new-position advantage.\n\nPrice remains below both major averages with negative MACD momentum and weak 20- and 60-bar returns. Above-average volume accompanies a close near the recent low, while RSI around 40 supplies no confirmed reversal. Maybank benefits from resilient domestic activity, but the rate evidence does not prove a net-interest-margin uplift. Regional FX exposure and credit repricing make a neutral macro signal appropriate. Small H1 earnings deterioration supports relative resilience, but the income thesis and the bearish capital objection both depend on unextracted bank metrics. Neither demonstrates an adequately valued income purchase or an observed credit impairment. Dividend growth is a distribution fact, not capital validation.",
  "bull_case": "Maybank shows a relatively stable earnings base, a modest Q2 profit increase and a higher interim dividend. Round two quantifies the H1 decline at approximately 0.9% and narrows the thesis to income resilience validated by bank-specific capital and credit evidence. Strongest disconfirming evidence to caution: Q2 profit improved and the interim dividend rose to 31 sen, while H1 profit declined only approximately 0.9%, supporting a substantial resilient income base.",
  "bear_case": "H1 earnings and revenue declined, while the dividend and vendor P/E do not independently prove a sustainable income opportunity. Round two accepts resilience but retains missing CET1, asset-quality and funding checks as central objections.",
  "key_uncertainties": [
    "CET1, asset quality, credit costs, liquidity and funding spreads.",
    "Recurring-income/distribution coverage and matched bank valuation.",
    "CET1, asset quality, credit costs and funding spreads.",
    "Recurring income and distribution sustainability.",
    "Matched bank valuation and recovery confirmation; unchanged OPR does not establish NIM improvement.",
    "Vendor financial statements lack verified fiscal/availability timing; vendor forward P/E is an estimate, and a matched normalised fair-value model is unavailable."
  ],
  "catalysts_upcoming": [
    "Next comparable issuer disclosure, date unavailable here: A subsequent comparable half-year reports attributable profit growth above zero, maintains at least the observed 31 sen interim distribution, and documents compliance with applicable capital/liquidity requirements without worsening asset quality, resolving the core income gates.",
    "Reassessment trigger rather than a forecast: A distribution cut below 31 sen or disclosed breach of applicable capital/liquidity requirements would invalidate the retained income-resilience scenario."
  ],
  "risk_assessment": {
    "correlation_notes": [
      "Low beta (0.10) \u2014 historically less sensitive to broad-market moves.",
      "Sector: Financial Services \u2014 use sector-specific catalysts and risks in the thesis."
    ],
    "max_drawdown_scenario": "Historical max drawdown: 26.5% over available price history. Projected worst case (2-sigma): ~20.5% from current $9.97.",
    "risk_reward_ratio": null
  },
  "action_plan": {
    "entry_limit": null,
    "entry_rationale": null,
    "stop_loss": null,
    "stop_rationale": null,
    "take_profit_1": null,
    "take_profit_2": null,
    "target_rationale": null,
    "horizon": "swing (2-8 weeks)",
    "note": "Signal too mixed for precise levels (conviction +0.00, convergence 0.25). Wait for a clearer setup."
  },
  "research_verdict": {
    "ticker": "1155",
    "judged_view": "neutral",
    "confidence": "medium",
    "thesis": "Small H1 earnings deterioration supports relative resilience, but the income thesis and the bearish capital objection both depend on unextracted bank metrics. Neither demonstrates an adequately valued income purchase or an observed credit impairment. Dividend growth is a distribution fact, not capital validation.",
    "winning_side": "neither",
    "strongest_counterexample": "Q2 profit improved and the interim dividend rose to 31 sen, while H1 profit declined only approximately 0.9%, supporting a substantial resilient income base.",
    "invalidation_conditions": [
      "A subsequent comparable half-year reports attributable profit growth above zero, maintains at least the observed 31 sen interim distribution, and documents compliance with applicable capital/liquidity requirements without worsening asset quality, resolving the core income gates.",
      "A distribution cut below 31 sen or disclosed breach of applicable capital/liquidity requirements would invalidate the retained income-resilience scenario."
    ],
    "evidence_gaps": [
      "CET1, asset quality, credit costs, liquidity and funding spreads.",
      "Recurring-income/distribution coverage and matched bank valuation."
    ],
    "decisive_factors": [
      "H1 profit RM5.171bn versus RM5.217bn.",
      "Revenue RM16.078bn versus RM17.079bn.",
      "Price below both averages with negative MACD; OPR stability does not establish NIM expansion."
    ]
  },
  "agent_signal_breakdown": {
    "fundamentals": "neutral",
    "sentiment": "neutral",
    "technical": "sell",
    "macro": "neutral"
  },
  "synthesized_signal": "neutral",
  "signal_gate_reasons": [],
  "pipeline_mode": "in-session"
}

synced to Supabase: analysis_runs/b790a5f5-159e-49c9-bf84-1f1e761ef51f
